#2026 07 30 02:50:24.310#Z#DEBUG#3ed74488-8bc1-11f1-85f0-eeee0a91cfe7.myfranchise-srv#flowable-async-job-executor-thread-62850#
[PollStageAppStatusExecution] f3901205-c849-4715-a90c-c13290448bb6 [2026-07-30T02:26:31.550704] Added process: "web" (STDOUT, API)#
#2026 07 30 02:50:24.310#Z#DEBUG#3ed74488-8bc1-11f1-85f0-eeee0a91cfe7.myfranchise-srv#flowable-async-job-executor-thread-62850#
[PollStageAppStatusExecution] f3901205-c849-4715-a90c-c13290448bb6 [2026-07-30T02:26:31.559269] Created app with guid f3901205-c849-4715-a90c-c13290448bb6 (STDOUT, API)#
#2026 07 30 02:50:24.310#Z#DEBUG#3ed74488-8bc1-11f1-85f0-eeee0a91cfe7.myfranchise-srv#flowable-async-job-executor-thread-62850#
[PollStageAppStatusExecution] f3901205-c849-4715-a90c-c13290448bb6 [2026-07-30T02:26:31.666583] Updating process: "web" (STDOUT, API)#
#2026 07 30 02:50:24.310#Z#DEBUG#3ed74488-8bc1-11f1-85f0-eeee0a91cfe7.myfranchise-srv#flowable-async-job-executor-thread-62850#
[PollStageAppStatusExecution] f3901205-c849-4715-a90c-c13290448bb6 [2026-07-30T02:26:31.729594] Scaling process: "web" (STDOUT, API)#
#2026 07 30 02:50:24.310#Z#DEBUG#3ed74488-8bc1-11f1-85f0-eeee0a91cfe7.myfranchise-srv#flowable-async-job-executor-thread-62850#
[PollStageAppStatusExecution] f3901205-c849-4715-a90c-c13290448bb6 [2026-07-30T02:27:01.342028] Uploading app package for app with guid f3901205-c849-4715-a90c-c13290448bb6 (STDOUT, API)#
#2026 07 30 02:50:24.310#Z#DEBUG#3ed74488-8bc1-11f1-85f0-eeee0a91cfe7.myfranchise-srv#flowable-async-job-executor-thread-62850#
[PollStageAppStatusExecution] f3901205-c849-4715-a90c-c13290448bb6 [2026-07-30T02:27:01.524473] Updated app with guid f3901205-c849-4715-a90c-c13290448bb6 ({"environment_variables"=>"[PRIVATE DATA HIDDEN]"}) (STDOUT, API)#
#2026 07 30 02:50:24.310#Z#DEBUG#3ed74488-8bc1-11f1-85f0-eeee0a91cfe7.myfranchise-srv#flowable-async-job-executor-thread-62850#
[PollStageAppStatusExecution] f3901205-c849-4715-a90c-c13290448bb6 [2026-07-30T02:27:21.352616] Creating build for app with guid f3901205-c849-4715-a90c-c13290448bb6 (STDOUT, API)#
#2026 07 30 02:50:24.310#Z#DEBUG#3ed74488-8bc1-11f1-85f0-eeee0a91cfe7.myfranchise-srv#flowable-async-job-executor-thread-62850#
[PollStageAppStatusExecution] f3901205-c849-4715-a90c-c13290448bb6 [2026-07-30T02:27:21.729209] Downloading nodejs_buildpack... (STDOUT, STG)#
#2026 07 30 02:50:24.310#Z#DEBUG#3ed74488-8bc1-11f1-85f0-eeee0a91cfe7.myfranchise-srv#flowable-async-job-executor-thread-62850#
[PollStageAppStatusExecution] f3901205-c849-4715-a90c-c13290448bb6 [2026-07-30T02:27:21.780500] Downloaded nodejs_buildpack (STDOUT, STG)#
#2026 07 30 02:50:24.310#Z#DEBUG#3ed74488-8bc1-11f1-85f0-eeee0a91cfe7.myfranchise-srv#flowable-async-job-executor-thread-62850#
[PollStageAppStatusExecution] f3901205-c849-4715-a90c-c13290448bb6 [2026-07-30T02:27:21.780571] Cell 4b0b29fd-71b2-49b3-831b-b7de0147ad46 creating container for instance 2d44450d-653c-49b0-88d2-9e95c0afbfdf (STDOUT, STG)#
#2026 07 30 02:50:24.310#Z#DEBUG#3ed74488-8bc1-11f1-85f0-eeee0a91cfe7.myfranchise-srv#flowable-async-job-executor-thread-62850#
[PollStageAppStatusExecution] f3901205-c849-4715-a90c-c13290448bb6 [2026-07-30T02:27:22.245769] Security group rules were updated (STDOUT, STG)#
#2026 07 30 02:50:24.310#Z#DEBUG#3ed74488-8bc1-11f1-85f0-eeee0a91cfe7.myfranchise-srv#flowable-async-job-executor-thread-62850#
[PollStageAppStatusExecution] f3901205-c849-4715-a90c-c13290448bb6 [2026-07-30T02:27:22.317820] Cell 4b0b29fd-71b2-49b3-831b-b7de0147ad46 successfully created container for instance 2d44450d-653c-49b0-88d2-9e95c0afbfdf (STDOUT, STG)#
#2026 07 30 02:50:24.310#Z#DEBUG#3ed74488-8bc1-11f1-85f0-eeee0a91cfe7.myfranchise-srv#flowable-async-job-executor-thread-62850#
[PollStageAppStatusExecution] f3901205-c849-4715-a90c-c13290448bb6 [2026-07-30T02:27:22.656397] Downloading app package... (STDOUT, STG)#
#2026 07 30 02:50:24.310#Z#DEBUG#3ed74488-8bc1-11f1-85f0-eeee0a91cfe7.myfranchise-srv#flowable-async-job-executor-thread-62850#
[PollStageAppStatusExecution] f3901205-c849-4715-a90c-c13290448bb6 [2026-07-30T02:27:23.834470] Downloaded app package (10.1M) (STDOUT, STG)#
#2026 07 30 02:50:24.310#Z#DEBUG#3ed74488-8bc1-11f1-85f0-eeee0a91cfe7.myfranchise-srv#flowable-async-job-executor-thread-62850#
[PollStageAppStatusExecution] f3901205-c849-4715-a90c-c13290448bb6 [2026-07-30T02:27:23.907531] -----> Nodejs Buildpack version 1.9.2 (STDOUT, STG)#
#2026 07 30 02:50:24.310#Z#DEBUG#3ed74488-8bc1-11f1-85f0-eeee0a91cfe7.myfranchise-srv#flowable-async-job-executor-thread-62850#
[PollStageAppStatusExecution] f3901205-c849-4715-a90c-c13290448bb6 [2026-07-30T02:27:24.317226] -----> Bootstrapping python (STDOUT, STG)#
#2026 07 30 02:50:24.310#Z#DEBUG#3ed74488-8bc1-11f1-85f0-eeee0a91cfe7.myfranchise-srv#flowable-async-job-executor-thread-62850#
[PollStageAppStatusExecution] f3901205-c849-4715-a90c-c13290448bb6 [2026-07-30T02:27:24.317249] -----> Installing python 3.13.13 (STDOUT, STG)#
#2026 07 30 02:50:24.310#Z#DEBUG#3ed74488-8bc1-11f1-85f0-eeee0a91cfe7.myfranchise-srv#flowable-async-job-executor-thread-62850#
[PollStageAppStatusExecution] f3901205-c849-4715-a90c-c13290448bb6 [2026-07-30T02:27:24.317334] Copy [/tmp/buildpacks/718562a61f132ed7/dependencies/268a5e3743d51a14b86ea9da64439307/python_3.13.13_linux_x64_cflinuxfs4_8311abbf.tgz] (STDOUT, STG)#
#2026 07 30 02:50:24.310#Z#DEBUG#3ed74488-8bc1-11f1-85f0-eeee0a91cfe7.myfranchise-srv#flowable-async-job-executor-thread-62850#
[PollStageAppStatusExecution] f3901205-c849-4715-a90c-c13290448bb6 [2026-07-30T02:27:27.500721] -----> Installing binaries (STDOUT, STG)#
#2026 07 30 02:50:24.310#Z#DEBUG#3ed74488-8bc1-11f1-85f0-eeee0a91cfe7.myfranchise-srv#flowable-async-job-executor-thread-62850#
[PollStageAppStatusExecution] f3901205-c849-4715-a90c-c13290448bb6 [2026-07-30T02:27:27.500797] engines.node (package.json): >=20 (STDOUT, STG)#
#2026 07 30 02:50:24.310#Z#DEBUG#3ed74488-8bc1-11f1-85f0-eeee0a91cfe7.myfranchise-srv#flowable-async-job-executor-thread-62850#
[PollStageAppStatusExecution] f3901205-c849-4715-a90c-c13290448bb6 [2026-07-30T02:27:27.500814] engines.npm (package.json): unspecified (use default) (STDOUT, STG)#
#2026 07 30 02:50:24.310#Z#DEBUG#3ed74488-8bc1-11f1-85f0-eeee0a91cfe7.myfranchise-srv#flowable-async-job-executor-thread-62850#
[PollStageAppStatusExecution] f3901205-c849-4715-a90c-c13290448bb6 [2026-07-30T02:27:27.500820] [31;1m**WARNING**[0m Dangerous semver range (>) in engines.node. See: http://docs.cloudfoundry.org/buildpacks/node/node-tips.html (STDOUT, STG)#
#2026 07 30 02:50:24.310#Z#DEBUG#3ed74488-8bc1-11f1-85f0-eeee0a91cfe7.myfranchise-srv#flowable-async-job-executor-thread-62850#
[PollStageAppStatusExecution] f3901205-c849-4715-a90c-c13290448bb6 [2026-07-30T02:27:27.500942] -----> Installing node 24.15.0 (STDOUT, STG)#
#2026 07 30 02:50:24.310#Z#DEBUG#3ed74488-8bc1-11f1-85f0-eeee0a91cfe7.myfranchise-srv#flowable-async-job-executor-thread-62850#
[PollStageAppStatusExecution] f3901205-c849-4715-a90c-c13290448bb6 [2026-07-30T02:27:27.501045] Copy [/tmp/buildpacks/718562a61f132ed7/dependencies/6441e97e6386f47ec4c16cfdf8db0a17/node_24.15.0_linux_x64_cflinuxfs4_1a62d98b.tgz] (STDOUT, STG)#
#2026 07 30 02:50:24.310#Z#DEBUG#3ed74488-8bc1-11f1-85f0-eeee0a91cfe7.myfranchise-srv#flowable-async-job-executor-thread-62850#
[PollStageAppStatusExecution] f3901205-c849-4715-a90c-c13290448bb6 [2026-07-30T02:27:29.508938] Using default npm version: 11.12.1 (STDOUT, STG)#
#2026 07 30 02:50:24.310#Z#DEBUG#3ed74488-8bc1-11f1-85f0-eeee0a91cfe7.myfranchise-srv#flowable-async-job-executor-thread-62850#
[PollStageAppStatusExecution] f3901205-c849-4715-a90c-c13290448bb6 [2026-07-30T02:27:29.508962] -----> Installing yarn 1.22.22 (STDOUT, STG)#
#2026 07 30 02:50:24.310#Z#DEBUG#3ed74488-8bc1-11f1-85f0-eeee0a91cfe7.myfranchise-srv#flowable-async-job-executor-thread-62850#
[PollStageAppStatusExecution] f3901205-c849-4715-a90c-c13290448bb6 [2026-07-30T02:27:29.509032] Copy [/tmp/buildpacks/718562a61f132ed7/dependencies/e4fe26756e9984a665478d350474fa2e/yarn_1.22.22_linux_noarch_any-stack_b6132b86.tgz] (STDOUT, STG)#
#2026 07 30 02:50:24.310#Z#DEBUG#3ed74488-8bc1-11f1-85f0-eeee0a91cfe7.myfranchise-srv#flowable-async-job-executor-thread-62850#
[PollStageAppStatusExecution] f3901205-c849-4715-a90c-c13290448bb6 [2026-07-30T02:27:29.790853] Installed yarn 1.22.22 (STDOUT, STG)#
#2026 07 30 02:50:24.310#Z#DEBUG#3ed74488-8bc1-11f1-85f0-eeee0a91cfe7.myfranchise-srv#flowable-async-job-executor-thread-62850#
[PollStageAppStatusExecution] f3901205-c849-4715-a90c-c13290448bb6 [2026-07-30T02:27:29.790875] -----> Creating runtime environment (STDOUT, STG)#
#2026 07 30 02:50:24.310#Z#DEBUG#3ed74488-8bc1-11f1-85f0-eeee0a91cfe7.myfranchise-srv#flowable-async-job-executor-thread-62850#
[PollStageAppStatusExecution] f3901205-c849-4715-a90c-c13290448bb6 [2026-07-30T02:27:29.793008] NODE_ENV=production (STDOUT, STG)#
#2026 07 30 02:50:24.310#Z#DEBUG#3ed74488-8bc1-11f1-85f0-eeee0a91cfe7.myfranchise-srv#flowable-async-job-executor-thread-62850#
[PollStageAppStatusExecution] f3901205-c849-4715-a90c-c13290448bb6 [2026-07-30T02:27:29.793030] NODE_HOME=/tmp/contents2677096140/deps/0/node (STDOUT, STG)#
#2026 07 30 02:50:24.310#Z#DEBUG#3ed74488-8bc1-11f1-85f0-eeee0a91cfe7.myfranchise-srv#flowable-async-job-executor-thread-62850#
[PollStageAppStatusExecution] f3901205-c849-4715-a90c-c13290448bb6 [2026-07-30T02:27:29.793034] NODE_MODULES_CACHE=true (STDOUT, STG)#
#2026 07 30 02:50:24.310#Z#DEBUG#3ed74488-8bc1-11f1-85f0-eeee0a91cfe7.myfranchise-srv#flowable-async-job-executor-thread-62850#
[PollStageAppStatusExecution] f3901205-c849-4715-a90c-c13290448bb6 [2026-07-30T02:27:29.793038] NODE_VERBOSE=false (STDOUT, STG)#
#2026 07 30 02:50:24.310#Z#DEBUG#3ed74488-8bc1-11f1-85f0-eeee0a91cfe7.myfranchise-srv#flowable-async-job-executor-thread-62850#
[PollStageAppStatusExecution] f3901205-c849-4715-a90c-c13290448bb6 [2026-07-30T02:27:29.793041] NPM_CONFIG_LOGLEVEL=error (STDOUT, STG)#
#2026 07 30 02:50:24.310#Z#DEBUG#3ed74488-8bc1-11f1-85f0-eeee0a91cfe7.myfranchise-srv#flowable-async-job-executor-thread-62850#
[PollStageAppStatusExecution] f3901205-c849-4715-a90c-c13290448bb6 [2026-07-30T02:27:29.793044] NPM_CONFIG_PRODUCTION=true (STDOUT, STG)#
#2026 07 30 02:50:24.310#Z#DEBUG#3ed74488-8bc1-11f1-85f0-eeee0a91cfe7.myfranchise-srv#flowable-async-job-executor-thread-62850#
[PollStageAppStatusExecution] f3901205-c849-4715-a90c-c13290448bb6 [2026-07-30T02:27:29.793048] -----> Building dependencies (STDOUT, STG)#
#2026 07 30 02:50:24.310#Z#DEBUG#3ed74488-8bc1-11f1-85f0-eeee0a91cfe7.myfranchise-srv#flowable-async-job-executor-thread-62850#
[PollStageAppStatusExecution] f3901205-c849-4715-a90c-c13290448bb6 [2026-07-30T02:27:29.793052] Prebuild detected (node_modules already exists) (STDOUT, STG)#
#2026 07 30 02:50:24.310#Z#DEBUG#3ed74488-8bc1-11f1-85f0-eeee0a91cfe7.myfranchise-srv#flowable-async-job-executor-thread-62850#
[PollStageAppStatusExecution] f3901205-c849-4715-a90c-c13290448bb6 [2026-07-30T02:27:29.793068] Rebuilding any native modules (STDOUT, STG)#
#2026 07 30 02:50:24.310#Z#DEBUG#3ed74488-8bc1-11f1-85f0-eeee0a91cfe7.myfranchise-srv#flowable-async-job-executor-thread-62850#
[PollStageAppStatusExecution] f3901205-c849-4715-a90c-c13290448bb6 [2026-07-30T02:27:30.416700] rebuilt dependencies successfully (STDOUT, STG)#
#2026 07 30 02:50:24.310#Z#DEBUG#3ed74488-8bc1-11f1-85f0-eeee0a91cfe7.myfranchise-srv#flowable-async-job-executor-thread-62850#
[PollStageAppStatusExecution] f3901205-c849-4715-a90c-c13290448bb6 [2026-07-30T02:27:30.418231] npm notice (STDOUT, STG)#
#2026 07 30 02:50:24.310#Z#DEBUG#3ed74488-8bc1-11f1-85f0-eeee0a91cfe7.myfranchise-srv#flowable-async-job-executor-thread-62850#
[PollStageAppStatusExecution] f3901205-c849-4715-a90c-c13290448bb6 [2026-07-30T02:27:30.418253] npm notice New major version of npm available! 11.12.1 -> 12.0.2 (STDOUT, STG)#
#2026 07 30 02:50:24.310#Z#DEBUG#3ed74488-8bc1-11f1-85f0-eeee0a91cfe7.myfranchise-srv#flowable-async-job-executor-thread-62850#
[PollStageAppStatusExecution] f3901205-c849-4715-a90c-c13290448bb6 [2026-07-30T02:27:30.418258] npm notice Changelog: https://github.com/npm/cli/releases/tag/v12.0.2 (STDOUT, STG)#
#2026 07 30 02:50:24.310#Z#DEBUG#3ed74488-8bc1-11f1-85f0-eeee0a91cfe7.myfranchise-srv#flowable-async-job-executor-thread-62850#
[PollStageAppStatusExecution] f3901205-c849-4715-a90c-c13290448bb6 [2026-07-30T02:27:30.418263] npm notice To update run: npm install -g npm@12.0.2 (STDOUT, STG)#
#2026 07 30 02:50:24.310#Z#DEBUG#3ed74488-8bc1-11f1-85f0-eeee0a91cfe7.myfranchise-srv#flowable-async-job-executor-thread-62850#
[PollStageAppStatusExecution] f3901205-c849-4715-a90c-c13290448bb6 [2026-07-30T02:27:30.418266] npm notice (STDOUT, STG)#
#2026 07 30 02:50:24.310#Z#DEBUG#3ed74488-8bc1-11f1-85f0-eeee0a91cfe7.myfranchise-srv#flowable-async-job-executor-thread-62850#
[PollStageAppStatusExecution] f3901205-c849-4715-a90c-c13290448bb6 [2026-07-30T02:27:30.470579] Installing any new modules (package.json + package-lock.json) (STDOUT, STG)#
#2026 07 30 02:50:24.310#Z#DEBUG#3ed74488-8bc1-11f1-85f0-eeee0a91cfe7.myfranchise-srv#flowable-async-job-executor-thread-62850#
[PollStageAppStatusExecution] f3901205-c849-4715-a90c-c13290448bb6 [2026-07-30T02:27:31.023827] up to date in 490ms (STDOUT, STG)#
#2026 07 30 02:50:24.310#Z#DEBUG#3ed74488-8bc1-11f1-85f0-eeee0a91cfe7.myfranchise-srv#flowable-async-job-executor-thread-62850#
[PollStageAppStatusExecution] f3901205-c849-4715-a90c-c13290448bb6 [2026-07-30T02:27:31.024046] 25 packages are looking for funding (STDOUT, STG)#
#2026 07 30 02:50:24.310#Z#DEBUG#3ed74488-8bc1-11f1-85f0-eeee0a91cfe7.myfranchise-srv#flowable-async-job-executor-thread-62850#
[PollStageAppStatusExecution] f3901205-c849-4715-a90c-c13290448bb6 [2026-07-30T02:27:31.024161] run `npm fund` for details (STDOUT, STG)#
#2026 07 30 02:50:24.310#Z#DEBUG#3ed74488-8bc1-11f1-85f0-eeee0a91cfe7.myfranchise-srv#flowable-async-job-executor-thread-62850#
[PollStageAppStatusExecution] f3901205-c849-4715-a90c-c13290448bb6 [2026-07-30T02:27:32.191412] Contrast Security no credentials found. Will not write environment files. (STDOUT, STG)#
#2026 07 30 02:50:24.310#Z#DEBUG#3ed74488-8bc1-11f1-85f0-eeee0a91cfe7.myfranchise-srv#flowable-async-job-executor-thread-62850#
[PollStageAppStatusExecution] f3901205-c849-4715-a90c-c13290448bb6 [2026-07-30T02:27:41.647598] Exit status 0 (STDOUT, STG)#
#2026 07 30 02:50:24.310#Z#DEBUG#3ed74488-8bc1-11f1-85f0-eeee0a91cfe7.myfranchise-srv#flowable-async-job-executor-thread-62850#
[PollStageAppStatusExecution] f3901205-c849-4715-a90c-c13290448bb6 [2026-07-30T02:27:41.647638] Uploading droplet, build artifacts cache... (STDOUT, STG)#
#2026 07 30 02:50:24.310#Z#DEBUG#3ed74488-8bc1-11f1-85f0-eeee0a91cfe7.myfranchise-srv#flowable-async-job-executor-thread-62850#
[PollStageAppStatusExecution] f3901205-c849-4715-a90c-c13290448bb6 [2026-07-30T02:27:41.647669] Uploading droplet... (STDOUT, STG)#
#2026 07 30 02:50:24.310#Z#DEBUG#3ed74488-8bc1-11f1-85f0-eeee0a91cfe7.myfranchise-srv#flowable-async-job-executor-thread-62850#
[PollStageAppStatusExecution] f3901205-c849-4715-a90c-c13290448bb6 [2026-07-30T02:27:41.647728] Uploading build artifacts cache... (STDOUT, STG)#
#2026 07 30 02:50:24.310#Z#DEBUG#3ed74488-8bc1-11f1-85f0-eeee0a91cfe7.myfranchise-srv#flowable-async-job-executor-thread-62850#
[PollStageAppStatusExecution] f3901205-c849-4715-a90c-c13290448bb6 [2026-07-30T02:27:41.664143] Uploaded build artifacts cache (214B) (STDOUT, STG)#
#2026 07 30 02:50:24.310#Z#DEBUG#3ed74488-8bc1-11f1-85f0-eeee0a91cfe7.myfranchise-srv#flowable-async-job-executor-thread-62850#
[PollStageAppStatusExecution] f3901205-c849-4715-a90c-c13290448bb6 [2026-07-30T02:27:42.345873] Creating droplet for app with guid f3901205-c849-4715-a90c-c13290448bb6 (STDOUT, API)#
#2026 07 30 02:50:24.310#Z#DEBUG#3ed74488-8bc1-11f1-85f0-eeee0a91cfe7.myfranchise-srv#flowable-async-job-executor-thread-62850#
[PollStageAppStatusExecution] f3901205-c849-4715-a90c-c13290448bb6 [2026-07-30T02:27:46.417844] Uploaded droplet (63.8M) (STDOUT, STG)#
#2026 07 30 02:50:24.310#Z#DEBUG#3ed74488-8bc1-11f1-85f0-eeee0a91cfe7.myfranchise-srv#flowable-async-job-executor-thread-62850#
[PollStageAppStatusExecution] f3901205-c849-4715-a90c-c13290448bb6 [2026-07-30T02:27:46.436396] Uploading complete (STDOUT, STG)#
#2026 07 30 02:50:24.310#Z#DEBUG#3ed74488-8bc1-11f1-85f0-eeee0a91cfe7.myfranchise-srv#flowable-async-job-executor-thread-62850#
[PollStageAppStatusExecution] f3901205-c849-4715-a90c-c13290448bb6 [2026-07-30T02:27:46.778236] Cell 4b0b29fd-71b2-49b3-831b-b7de0147ad46 stopping instance 2d44450d-653c-49b0-88d2-9e95c0afbfdf (STDOUT, STG)#
#2026 07 30 02:50:24.310#Z#DEBUG#3ed74488-8bc1-11f1-85f0-eeee0a91cfe7.myfranchise-srv#flowable-async-job-executor-thread-62850#
[PollStageAppStatusExecution] f3901205-c849-4715-a90c-c13290448bb6 [2026-07-30T02:27:46.778264] Cell 4b0b29fd-71b2-49b3-831b-b7de0147ad46 destroying container for instance 2d44450d-653c-49b0-88d2-9e95c0afbfdf (STDOUT, STG)#
#2026 07 30 02:50:24.310#Z#DEBUG#3ed74488-8bc1-11f1-85f0-eeee0a91cfe7.myfranchise-srv#flowable-async-job-executor-thread-62850#
[PollStageAppStatusExecution] f3901205-c849-4715-a90c-c13290448bb6 [2026-07-30T02:27:46.844787] Staging complete for build 2d44450d-653c-49b0-88d2-9e95c0afbfdf (STDOUT, API)#
#2026 07 30 02:50:24.310#Z#DEBUG#3ed74488-8bc1-11f1-85f0-eeee0a91cfe7.myfranchise-srv#flowable-async-job-executor-thread-62850#
[PollStageAppStatusExecution] f3901205-c849-4715-a90c-c13290448bb6 [2026-07-30T02:27:48.750005] Cell 4b0b29fd-71b2-49b3-831b-b7de0147ad46 successfully destroyed container for instance 2d44450d-653c-49b0-88d2-9e95c0afbfdf (STDOUT, STG)#
#2026 07 30 02:50:24.310#Z#DEBUG#3ed74488-8bc1-11f1-85f0-eeee0a91cfe7.myfranchise-srv#flowable-async-job-executor-thread-62850#
[PollStageAppStatusExecution] f3901205-c849-4715-a90c-c13290448bb6 [2026-07-30T02:27:51.348382] Updated app with guid f3901205-c849-4715-a90c-c13290448bb6 ({:droplet_guid=>"1a89ae10-8e0b-42c5-814d-3c0786281c78"}) (STDOUT, API)#
#2026 07 30 02:50:24.310#Z#DEBUG#3ed74488-8bc1-11f1-85f0-eeee0a91cfe7.myfranchise-srv#flowable-async-job-executor-thread-62850#
[PollStageAppStatusExecution] f3901205-c849-4715-a90c-c13290448bb6 [2026-07-30T02:27:51.549602] Creating revision for app with guid f3901205-c849-4715-a90c-c13290448bb6 (STDOUT, API)#
#2026 07 30 02:50:24.310#Z#DEBUG#3ed74488-8bc1-11f1-85f0-eeee0a91cfe7.myfranchise-srv#flowable-async-job-executor-thread-62850#
[PollStageAppStatusExecution] f3901205-c849-4715-a90c-c13290448bb6 [2026-07-30T02:27:51.588751] Starting app with guid f3901205-c849-4715-a90c-c13290448bb6 (STDOUT, API)#
#2026 07 30 02:50:24.310#Z#DEBUG#3ed74488-8bc1-11f1-85f0-eeee0a91cfe7.myfranchise-srv#flowable-async-job-executor-thread-62850#
[PollStageAppStatusExecution] f3901205-c849-4715-a90c-c13290448bb6 [2026-07-30T02:27:51.805306] Cell 75f4201f-64c7-4864-888f-65c5484df6a5 creating container for instance 8f971ea7-5992-4171-7e9c-baeb (STDOUT, CELL)#
#2026 07 30 02:50:24.310#Z#DEBUG#3ed74488-8bc1-11f1-85f0-eeee0a91cfe7.myfranchise-srv#flowable-async-job-executor-thread-62850#
[PollStageAppStatusExecution] f3901205-c849-4715-a90c-c13290448bb6 [2026-07-30T02:27:52.484535] Security group rules were updated (STDOUT, CELL)#
#2026 07 30 02:50:24.310#Z#DEBUG#3ed74488-8bc1-11f1-85f0-eeee0a91cfe7.myfranchise-srv#flowable-async-job-executor-thread-62850#
[PollStageAppStatusExecution] f3901205-c849-4715-a90c-c13290448bb6 [2026-07-30T02:27:52.558188] Cell 75f4201f-64c7-4864-888f-65c5484df6a5 successfully created container for instance 8f971ea7-5992-4171-7e9c-baeb (STDOUT, CELL)#
#2026 07 30 02:50:24.310#Z#DEBUG#3ed74488-8bc1-11f1-85f0-eeee0a91cfe7.myfranchise-srv#flowable-async-job-executor-thread-62850#
[PollStageAppStatusExecution] f3901205-c849-4715-a90c-c13290448bb6 [2026-07-30T02:27:53.322627] Downloading droplet... (STDOUT, CELL)#
#2026 07 30 02:50:24.310#Z#DEBUG#3ed74488-8bc1-11f1-85f0-eeee0a91cfe7.myfranchise-srv#flowable-async-job-executor-thread-62850#
[PollStageAppStatusExecution] f3901205-c849-4715-a90c-c13290448bb6 [2026-07-30T02:27:56.984451] Downloaded droplet (63.8M) (STDOUT, CELL)#
#2026 07 30 02:50:24.310#Z#DEBUG#3ed74488-8bc1-11f1-85f0-eeee0a91cfe7.myfranchise-srv#flowable-async-job-executor-thread-62850#
[PollStageAppStatusExecution] f3901205-c849-4715-a90c-c13290448bb6 [2026-07-30T02:27:56.984575] Starting health monitoring of container (STDOUT, CELL)#
#2026 07 30 02:50:24.310#Z#DEBUG#3ed74488-8bc1-11f1-85f0-eeee0a91cfe7.myfranchise-srv#flowable-async-job-executor-thread-62850#
[PollStageAppStatusExecution] f3901205-c849-4715-a90c-c13290448bb6 [2026-07-30T02:27:57.061495] Invoking pre-start scripts. (STDOUT, APP/PROC/WEB)#
#2026 07 30 02:50:24.310#Z#DEBUG#3ed74488-8bc1-11f1-85f0-eeee0a91cfe7.myfranchise-srv#flowable-async-job-executor-thread-62850#
[PollStageAppStatusExecution] f3901205-c849-4715-a90c-c13290448bb6 [2026-07-30T02:27:57.224937] Invoking start command. (STDOUT, APP/PROC/WEB)#
#2026 07 30 02:50:24.310#Z#DEBUG#3ed74488-8bc1-11f1-85f0-eeee0a91cfe7.myfranchise-srv#flowable-async-job-executor-thread-62850#
[PollStageAppStatusExecution] f3901205-c849-4715-a90c-c13290448bb6 [2026-07-30T02:27:57.546376] > myfranchise@1.0.0 start (STDOUT, APP/PROC/WEB)#
#2026 07 30 02:50:24.310#Z#DEBUG#3ed74488-8bc1-11f1-85f0-eeee0a91cfe7.myfranchise-srv#flowable-async-job-executor-thread-62850#
[PollStageAppStatusExecution] f3901205-c849-4715-a90c-c13290448bb6 [2026-07-30T02:27:57.546392] > cds-serve (STDOUT, APP/PROC/WEB)#
#2026 07 30 02:50:24.310#Z#DEBUG#3ed74488-8bc1-11f1-85f0-eeee0a91cfe7.myfranchise-srv#flowable-async-job-executor-thread-62850#
[PollStageAppStatusExecution] f3901205-c849-4715-a90c-c13290448bb6 [2026-07-30T02:27:57.902373] {"level":"info","logger":"cds","timestamp":"2026-07-30T02:27:57.901Z","layer":"cds","component_type":"application","container_id":"10.36.194.10","component_id":"f3901205-c849-4715-a90c-c13290448bb6","component_name":"myfranchise-srv","component_instance":0,"source_instance":0,"organization_name":"sa-build-platform-org","organization_id":"14e98944-6589-4d62-8570-239acf2bf85f","space_name":"DEV","space_id":"87beb70a-51f1-4835-b470-a7ccd9062962","msg":"loaded model from 1 file(s):\n ","type":"log"} (STDOUT, APP/PROC/WEB)#
#2026 07 30 02:50:24.310#Z#DEBUG#3ed74488-8bc1-11f1-85f0-eeee0a91cfe7.myfranchise-srv#flowable-async-job-executor-thread-62850#
[PollStageAppStatusExecution] f3901205-c849-4715-a90c-c13290448bb6 [2026-07-30T02:27:57.902732] srv/csn.json (STDOUT, APP/PROC/WEB)#
#2026 07 30 02:50:24.310#Z#DEBUG#3ed74488-8bc1-11f1-85f0-eeee0a91cfe7.myfranchise-srv#flowable-async-job-executor-thread-62850#
[PollStageAppStatusExecution] f3901205-c849-4715-a90c-c13290448bb6 [2026-07-30T02:27:58.197359] {"level":"info","logger":"cds","timestamp":"2026-07-30T02:27:58.196Z","layer":"cds","component_type":"application","container_id":"10.36.194.10","component_id":"f3901205-c849-4715-a90c-c13290448bb6","component_name":"myfranchise-srv","component_instance":0,"source_instance":0,"organization_name":"sa-build-platform-org","organization_id":"14e98944-6589-4d62-8570-239acf2bf85f","space_name":"DEV","space_id":"87beb70a-51f1-4835-b470-a7ccd9062962","msg":"connect to db > hana {\n  url: 'jdbc:sap://70ddf6e8-ee91-4a59-aa45-f2009a7e6ff9.hna1.prod-us10.hanacloud.ondemand.com:443?encrypt=true&validateCertificate=true&currentschema=2177F43B75D34848AE3EA84FAB461E66',\n  database_id: '70ddf6e8-ee91-4a59-aa45-f2009a7e6ff9',\n  host: '70ddf6e8-ee91-4a59-aa45-f2009a7e6ff9.hna1.prod-us10.hanacloud.ondemand.com',\n  port: '443',\n  driver: 'com.sap.db.jdbc.Driver',\n  schema: '2177F43B75D34848AE3EA84FAB461E66',\n  certificate: '...',\n  hdi_user: '2177F43B75D34848AE3EA84FAB461E66_69KR5XWBL7FPU3Y9DLP4VIT7D_DT',\n  hdi_password: '...',\n  user: '2177F43B75D34848AE3EA84FAB461E66_69KR5XWBL7FPU3Y9DLP4VIT7D_RT',\n  password: '...'\n}","type":"log"} (STDOUT, APP/PROC/WEB)#
#2026 07 30 02:50:24.310#Z#DEBUG#3ed74488-8bc1-11f1-85f0-eeee0a91cfe7.myfranchise-srv#flowable-async-job-executor-thread-62850#
[PollStageAppStatusExecution] f3901205-c849-4715-a90c-c13290448bb6 [2026-07-30T02:27:58.260143] {"level":"info","logger":"cds","timestamp":"2026-07-30T02:27:58.259Z","layer":"cds","component_type":"application","container_id":"10.36.194.10","component_id":"f3901205-c849-4715-a90c-c13290448bb6","component_name":"myfranchise-srv","component_instance":0,"source_instance":0,"organization_name":"sa-build-platform-org","organization_id":"14e98944-6589-4d62-8570-239acf2bf85f","space_name":"DEV","space_id":"87beb70a-51f1-4835-b470-a7ccd9062962","msg":"serving FranqueadoraService {\n  at: [ '/franqueadora' ],\n  decl: 'srv/csn.json:4163',\n  impl: 'srv/service.js'\n}","type":"log"} (STDOUT, APP/PROC/WEB)#
#2026 07 30 02:50:24.310#Z#DEBUG#3ed74488-8bc1-11f1-85f0-eeee0a91cfe7.myfranchise-srv#flowable-async-job-executor-thread-62850#
[PollStageAppStatusExecution] f3901205-c849-4715-a90c-c13290448bb6 [2026-07-30T02:27:58.260557] {"level":"info","logger":"cds","timestamp":"2026-07-30T02:27:58.260Z","layer":"cds","component_type":"application","container_id":"10.36.194.10","component_id":"f3901205-c849-4715-a90c-c13290448bb6","component_name":"myfranchise-srv","component_instance":0,"source_instance":0,"organization_name":"sa-build-platform-org","organization_id":"14e98944-6589-4d62-8570-239acf2bf85f","space_name":"DEV","space_id":"87beb70a-51f1-4835-b470-a7ccd9062962","msg":"serving FranqueadoService {\n  at: [ '/franqueado' ],\n  decl: 'srv/csn.json:9003',\n  impl: 'srv/service.js'\n}","type":"log"} (STDOUT, APP/PROC/WEB)#
#2026 07 30 02:50:24.310#Z#DEBUG#3ed74488-8bc1-11f1-85f0-eeee0a91cfe7.myfranchise-srv#flowable-async-job-executor-thread-62850#
[PollStageAppStatusExecution] f3901205-c849-4715-a90c-c13290448bb6 [2026-07-30T02:27:58.264604] {"level":"info","logger":"cds","timestamp":"2026-07-30T02:27:58.264Z","layer":"cds","component_type":"application","container_id":"10.36.194.10","component_id":"f3901205-c849-4715-a90c-c13290448bb6","component_name":"myfranchise-srv","component_instance":0,"source_instance":0,"organization_name":"sa-build-platform-org","organization_id":"14e98944-6589-4d62-8570-239acf2bf85f","space_name":"DEV","space_id":"87beb70a-51f1-4835-b470-a7ccd9062962","msg":"server listening on { url: 'http://localhost:8080' }","type":"log"} (STDOUT, APP/PROC/WEB)#
#2026 07 30 02:50:24.310#Z#DEBUG#3ed74488-8bc1-11f1-85f0-eeee0a91cfe7.myfranchise-srv#flowable-async-job-executor-thread-62850#
[PollStageAppStatusExecution] f3901205-c849-4715-a90c-c13290448bb6 [2026-07-30T02:27:58.265587] {"level":"info","logger":"cds","timestamp":"2026-07-30T02:27:58.265Z","layer":"cds","component_type":"application","container_id":"10.36.194.10","component_id":"f3901205-c849-4715-a90c-c13290448bb6","component_name":"myfranchise-srv","component_instance":0,"source_instance":0,"organization_name":"sa-build-platform-org","organization_id":"14e98944-6589-4d62-8570-239acf2bf85f","space_name":"DEV","space_id":"87beb70a-51f1-4835-b470-a7ccd9062962","msg":"server v10.0.5 launched in 709 ms","type":"log"} (STDOUT, APP/PROC/WEB)#
#2026 07 30 02:50:24.310#Z#DEBUG#3ed74488-8bc1-11f1-85f0-eeee0a91cfe7.myfranchise-srv#flowable-async-job-executor-thread-62850#
[PollStageAppStatusExecution] f3901205-c849-4715-a90c-c13290448bb6 [2026-07-30T02:27:59.883407] Container became healthy (STDOUT, CELL)#
#2026 07 30 02:50:24.310#Z#DEBUG#3ed74488-8bc1-11f1-85f0-eeee0a91cfe7.myfranchise-srv#flowable-async-job-executor-thread-62850#
[PollStageAppStatusExecution] f3901205-c849-4715-a90c-c13290448bb6 [2026-07-30T02:27:59.911461] Process became ready with guid f3901205-c849-4715-a90c-c13290448bb6 payload: {"instance"=>"8f971ea7-5992-4171-7e9c-baeb", "index"=>0, "cell_id"=>"75f4201f-64c7-4864-888f-65c5484df6a5", "ready"=>true, "version"=>"71ac549c-cf35-42bf-8e38-640ae65f12f8"} (STDOUT, API)#
#2026 07 30 02:50:24.310#Z#DEBUG#3ed74488-8bc1-11f1-85f0-eeee0a91cfe7.myfranchise-srv#flowable-async-job-executor-thread-62850#
[PollStageAppStatusExecution] f3901205-c849-4715-a90c-c13290448bb6 [2026-07-30T02:28:42.700476] sa-build-platform-org-dev-myfranchise-srv.cfapps.us10.hana.ondemand.com - [2026-07-30T02:28:42.683172911Z] "GET /franqueadora/Saude_Unidade HTTP/2.0" 401 0 12 "-" "curl/8.7.1" "10.0.72.5:38164" "10.36.194.10:61069" x_forwarded_for:"189.60.62.112, 10.0.72.5" x_forwarded_proto:"https" vcap_request_id:"e21bece5-c069-4001-5d28-e848f7fda90c" response_time:0.017203 gorouter_time:0.000105 app_id:"f3901205-c849-4715-a90c-c13290448bb6" app_index:"0" instance_id:"8f971ea7-5992-4171-7e9c-baeb" failed_attempts:0 failed_attempts_time:"-" dns_time:0.000000 dial_time:0.001091 tls_time:0.008693 backend_time:0.017098 local_address:"10.0.65.13:25872" x_cf_routererror:"-" x_correlationid:"-" tenantid:"-" sap_passport:"-" x_scp_request_id:"c31a6a2e-06ed-417f-92d8-3e84ffd588fa-6A6AB6DA-1B34DF13" x_cf_app_instance:"-" x_forwarded_host:"-" x_custom_host:"-" x_ssl_client:"-" x_ssl_client_session_id:"-" x_ssl_client_verify:"-" x_ssl_client_subject_dn:"-" x_ssl_client_subject_cn:"-" x_ssl_client_issuer_dn:"-" x_ssl_client_notbefore:"-" x_ssl_client_notafter:"-" x_cf_forwarded_url:"-" traceparent:"-" true_client_ip:"-" x_cf_true_client_ip:"189.60.62.112" x_request_id:"-" x_b3_traceid:"e21bece5c06940015d28e848f7fda90c" x_b3_spanid:"5d28e848f7fda90c" x_b3_parentspanid:"-" b3:"e21bece5c06940015d28e848f7fda90c-5d28e848f7fda90c" (STDOUT, RTR)#
#2026 07 30 02:50:24.310#Z#DEBUG#3ed74488-8bc1-11f1-85f0-eeee0a91cfe7.myfranchise-srv#flowable-async-job-executor-thread-62850#
[PollStageAppStatusExecution] f3901205-c849-4715-a90c-c13290448bb6 [2026-07-30T02:28:43.199953] sa-build-platform-org-dev-myfranchise-srv.cfapps.us10.hana.ondemand.com - [2026-07-30T02:28:43.184993810Z] "GET / HTTP/2.0" 404 0 139 "-" "curl/8.7.1" "10.0.72.2:19734" "10.36.194.10:61069" x_forwarded_for:"189.60.62.112, 10.0.72.2" x_forwarded_proto:"https" vcap_request_id:"d9ffcbf0-3a60-434a-609b-a9075f0a8c9f" response_time:0.014730 gorouter_time:0.000055 app_id:"f3901205-c849-4715-a90c-c13290448bb6" app_index:"0" instance_id:"8f971ea7-5992-4171-7e9c-baeb" failed_attempts:0 failed_attempts_time:"-" dns_time:0.000000 dial_time:0.003212 tls_time:0.007827 backend_time:0.014675 local_address:"10.0.65.8:37606" x_cf_routererror:"-" x_correlationid:"-" tenantid:"-" sap_passport:"-" x_scp_request_id:"8474ea8b-87b6-4a38-bfad-7c58b7c7d15a-6A6AB6DB-1BA2DEB1" x_cf_app_instance:"-" x_forwarded_host:"-" x_custom_host:"-" x_ssl_client:"-" x_ssl_client_session_id:"-" x_ssl_client_verify:"-" x_ssl_client_subject_dn:"-" x_ssl_client_subject_cn:"-" x_ssl_client_issuer_dn:"-" x_ssl_client_notbefore:"-" x_ssl_client_notafter:"-" x_cf_forwarded_url:"-" traceparent:"-" true_client_ip:"-" x_cf_true_client_ip:"189.60.62.112" x_request_id:"-" x_b3_traceid:"d9ffcbf03a60434a609ba9075f0a8c9f" x_b3_spanid:"609ba9075f0a8c9f" x_b3_parentspanid:"-" b3:"d9ffcbf03a60434a609ba9075f0a8c9f-609ba9075f0a8c9f" (STDOUT, RTR)#
#2026 07 30 02:50:24.310#Z#DEBUG#3ed74488-8bc1-11f1-85f0-eeee0a91cfe7.myfranchise-srv#flowable-async-job-executor-thread-62850#
[PollStageAppStatusExecution] f3901205-c849-4715-a90c-c13290448bb6 [2026-07-30T02:28:43.703191] sa-build-platform-org-dev-myfranchise-srv.cfapps.us10.hana.ondemand.com - [2026-07-30T02:28:43.692085386Z] "GET /health HTTP/2.0" 200 0 15 "-" "curl/8.7.1" "10.0.72.1:46640" "10.36.194.10:61069" x_forwarded_for:"189.60.62.112, 10.0.72.1" x_forwarded_proto:"https" vcap_request_id:"640748d9-27f1-4210-7d5e-5f0e960737d1" response_time:0.010996 gorouter_time:0.000076 app_id:"f3901205-c849-4715-a90c-c13290448bb6" app_index:"0" instance_id:"8f971ea7-5992-4171-7e9c-baeb" failed_attempts:0 failed_attempts_time:"-" dns_time:0.000000 dial_time:0.001165 tls_time:0.007281 backend_time:0.010920 local_address:"10.0.65.12:5836" x_cf_routererror:"-" x_correlationid:"-" tenantid:"-" sap_passport:"-" x_scp_request_id:"c4e7522a-4e6f-4af4-903f-a6566eed164b-6A6AB6DB-1BB9D45B" x_cf_app_instance:"-" x_forwarded_host:"-" x_custom_host:"-" x_ssl_client:"-" x_ssl_client_session_id:"-" x_ssl_client_verify:"-" x_ssl_client_subject_dn:"-" x_ssl_client_subject_cn:"-" x_ssl_client_issuer_dn:"-" x_ssl_client_notbefore:"-" x_ssl_client_notafter:"-" x_cf_forwarded_url:"-" traceparent:"-" true_client_ip:"-" x_cf_true_client_ip:"189.60.62.112" x_request_id:"-" x_b3_traceid:"640748d927f142107d5e5f0e960737d1" x_b3_spanid:"7d5e5f0e960737d1" x_b3_parentspanid:"-" b3:"640748d927f142107d5e5f0e960737d1-7d5e5f0e960737d1" (STDOUT, RTR)#
#2026 07 30 02:50:24.310#Z#DEBUG#3ed74488-8bc1-11f1-85f0-eeee0a91cfe7.myfranchise-srv#flowable-async-job-executor-thread-62850#
[PollStageAppStatusExecution] f3901205-c849-4715-a90c-c13290448bb6 [2026-07-30T02:31:16.065804] sa-build-platform-org-dev-myfranchise-srv.cfapps.us10.hana.ondemand.com - [2026-07-30T02:31:16.055005352Z] "GET /health HTTP/2.0" 200 0 15 "-" "curl/8.7.1" "10.0.200.5:49516" "10.36.194.10:61069" x_forwarded_for:"189.60.62.112, 10.0.200.5" x_forwarded_proto:"https" vcap_request_id:"95f3c387-f6d5-49b4-594f-23d540073e82" response_time:0.010659 gorouter_time:0.000075 app_id:"f3901205-c849-4715-a90c-c13290448bb6" app_index:"0" instance_id:"8f971ea7-5992-4171-7e9c-baeb" failed_attempts:0 failed_attempts_time:"-" dns_time:0.000000 dial_time:0.000724 tls_time:0.007342 backend_time:0.010584 local_address:"10.0.193.12:51898" x_cf_routererror:"-" x_correlationid:"-" tenantid:"-" sap_passport:"-" x_scp_request_id:"0bfd40f7-46e6-419e-ab85-6ef6e40ed126-6A6AB773-1A3A4B44" x_cf_app_instance:"-" x_forwarded_host:"-" x_custom_host:"-" x_ssl_client:"-" x_ssl_client_session_id:"-" x_ssl_client_verify:"-" x_ssl_client_subject_dn:"-" x_ssl_client_subject_cn:"-" x_ssl_client_issuer_dn:"-" x_ssl_client_notbefore:"-" x_ssl_client_notafter:"-" x_cf_forwarded_url:"-" traceparent:"-" true_client_ip:"-" x_cf_true_client_ip:"189.60.62.112" x_request_id:"-" x_b3_traceid:"95f3c387f6d549b4594f23d540073e82" x_b3_spanid:"594f23d540073e82" x_b3_parentspanid:"-" b3:"95f3c387f6d549b4594f23d540073e82-594f23d540073e82" (STDOUT, RTR)#
#2026 07 30 02:50:24.310#Z#DEBUG#3ed74488-8bc1-11f1-85f0-eeee0a91cfe7.myfranchise-srv#flowable-async-job-executor-thread-62850#
[PollStageAppStatusExecution] f3901205-c849-4715-a90c-c13290448bb6 [2026-07-30T02:31:35.684384] sa-build-platform-org-dev-myfranchise-srv.cfapps.us10.hana.ondemand.com - [2026-07-30T02:31:35.671364489Z] "GET / HTTP/2.0" 404 0 139 "-" "Mozilla/5.0 (Macintosh; Intel Mac OS X 10_15_7) AppleWebKit/537.36 (KHTML, like Gecko) Chrome/150.0.0.0 Safari/537.36" "10.0.136.3:62396" "10.36.194.10:61069" x_forwarded_for:"189.60.62.112, 10.0.136.3" x_forwarded_proto:"https" vcap_request_id:"6aa2d4e4-75f2-46ac-5bb1-ed45efb29329" response_time:0.012915 gorouter_time:0.000072 app_id:"f3901205-c849-4715-a90c-c13290448bb6" app_index:"0" instance_id:"8f971ea7-5992-4171-7e9c-baeb" failed_attempts:0 failed_attempts_time:"-" dns_time:0.000000 dial_time:0.001540 tls_time:0.008070 backend_time:0.012843 local_address:"10.0.129.10:46906" x_cf_routererror:"-" x_correlationid:"-" tenantid:"-" sap_passport:"-" x_scp_request_id:"9b9785d9-5c15-4bb0-9519-6ae9b850971f-6A6AB786-1AA13B51" x_cf_app_instance:"-" x_forwarded_host:"-" x_custom_host:"-" x_ssl_client:"-" x_ssl_client_session_id:"-" x_ssl_client_verify:"-" x_ssl_client_subject_dn:"-" x_ssl_client_subject_cn:"-" x_ssl_client_issuer_dn:"-" x_ssl_client_notbefore:"-" x_ssl_client_notafter:"-" x_cf_forwarded_url:"-" traceparent:"-" true_client_ip:"-" x_cf_true_client_ip:"189.60.62.112" x_request_id:"-" x_b3_traceid:"6aa2d4e475f246ac5bb1ed45efb29329" x_b3_spanid:"5bb1ed45efb29329" x_b3_parentspanid:"-" b3:"6aa2d4e475f246ac5bb1ed45efb29329-5bb1ed45efb29329" (STDOUT, RTR)#
#2026 07 30 02:50:24.310#Z#DEBUG#3ed74488-8bc1-11f1-85f0-eeee0a91cfe7.myfranchise-srv#flowable-async-job-executor-thread-62850#
[PollStageAppStatusExecution] f3901205-c849-4715-a90c-c13290448bb6 [2026-07-30T02:37:28.457757] Updated app with guid f3901205-c849-4715-a90c-c13290448bb6 ({"lifecycle"=>{"data"=>{"buildpacks"=>["nodejs_buildpack"]}, "type"=>"buildpack"}}) (STDOUT, API)#
#2026 07 30 02:50:24.310#Z#DEBUG#3ed74488-8bc1-11f1-85f0-eeee0a91cfe7.myfranchise-srv#flowable-async-job-executor-thread-62850#
[PollStageAppStatusExecution] f3901205-c849-4715-a90c-c13290448bb6 [2026-07-30T02:37:28.572164] Updating process: "web" (STDOUT, API)#
#2026 07 30 02:50:24.310#Z#DEBUG#3ed74488-8bc1-11f1-85f0-eeee0a91cfe7.myfranchise-srv#flowable-async-job-executor-thread-62850#
[PollStageAppStatusExecution] f3901205-c849-4715-a90c-c13290448bb6 [2026-07-30T02:37:58.958751] Stopping app with guid f3901205-c849-4715-a90c-c13290448bb6 (STDOUT, API)#
#2026 07 30 02:50:24.310#Z#DEBUG#3ed74488-8bc1-11f1-85f0-eeee0a91cfe7.myfranchise-srv#flowable-async-job-executor-thread-62850#
[PollStageAppStatusExecution] f3901205-c849-4715-a90c-c13290448bb6 [2026-07-30T02:37:59.010283] Cell 75f4201f-64c7-4864-888f-65c5484df6a5 stopping instance 8f971ea7-5992-4171-7e9c-baeb (STDOUT, CELL)#
#2026 07 30 02:50:24.310#Z#DEBUG#3ed74488-8bc1-11f1-85f0-eeee0a91cfe7.myfranchise-srv#flowable-async-job-executor-thread-62850#
[PollStageAppStatusExecution] f3901205-c849-4715-a90c-c13290448bb6 [2026-07-30T02:37:59.269424] Starting app with guid f3901205-c849-4715-a90c-c13290448bb6 (STDOUT, API)#
#2026 07 30 02:50:24.310#Z#DEBUG#3ed74488-8bc1-11f1-85f0-eeee0a91cfe7.myfranchise-srv#flowable-async-job-executor-thread-62850#
[PollStageAppStatusExecution] f3901205-c849-4715-a90c-c13290448bb6 [2026-07-30T02:37:59.457762] Cell 4b0b29fd-71b2-49b3-831b-b7de0147ad46 creating container for instance 6fde9ecf-0f2f-441b-6fb1-c923 (STDOUT, CELL)#
#2026 07 30 02:50:24.310#Z#DEBUG#3ed74488-8bc1-11f1-85f0-eeee0a91cfe7.myfranchise-srv#flowable-async-job-executor-thread-62850#
[PollStageAppStatusExecution] f3901205-c849-4715-a90c-c13290448bb6 [2026-07-30T02:37:59.957383] Security group rules were updated (STDOUT, CELL)#
#2026 07 30 02:50:24.310#Z#DEBUG#3ed74488-8bc1-11f1-85f0-eeee0a91cfe7.myfranchise-srv#flowable-async-job-executor-thread-62850#
[PollStageAppStatusExecution] f3901205-c849-4715-a90c-c13290448bb6 [2026-07-30T02:38:00.025969] Cell 4b0b29fd-71b2-49b3-831b-b7de0147ad46 successfully created container for instance 6fde9ecf-0f2f-441b-6fb1-c923 (STDOUT, CELL)#
#2026 07 30 02:50:24.310#Z#DEBUG#3ed74488-8bc1-11f1-85f0-eeee0a91cfe7.myfranchise-srv#flowable-async-job-executor-thread-62850#
[PollStageAppStatusExecution] f3901205-c849-4715-a90c-c13290448bb6 [2026-07-30T02:38:00.748860] Downloading droplet... (STDOUT, CELL)#
#2026 07 30 02:50:24.310#Z#DEBUG#3ed74488-8bc1-11f1-85f0-eeee0a91cfe7.myfranchise-srv#flowable-async-job-executor-thread-62850#
[PollStageAppStatusExecution] f3901205-c849-4715-a90c-c13290448bb6 [2026-07-30T02:38:05.559143] Downloaded droplet (63.8M) (STDOUT, CELL)#
#2026 07 30 02:50:24.310#Z#DEBUG#3ed74488-8bc1-11f1-85f0-eeee0a91cfe7.myfranchise-srv#flowable-async-job-executor-thread-62850#
[PollStageAppStatusExecution] f3901205-c849-4715-a90c-c13290448bb6 [2026-07-30T02:38:05.559249] Starting health monitoring of container (STDOUT, CELL)#
#2026 07 30 02:50:24.310#Z#DEBUG#3ed74488-8bc1-11f1-85f0-eeee0a91cfe7.myfranchise-srv#flowable-async-job-executor-thread-62850#
[PollStageAppStatusExecution] f3901205-c849-4715-a90c-c13290448bb6 [2026-07-30T02:38:05.637850] Invoking pre-start scripts. (STDOUT, APP/PROC/WEB)#
#2026 07 30 02:50:24.310#Z#DEBUG#3ed74488-8bc1-11f1-85f0-eeee0a91cfe7.myfranchise-srv#flowable-async-job-executor-thread-62850#
[PollStageAppStatusExecution] f3901205-c849-4715-a90c-c13290448bb6 [2026-07-30T02:38:05.811206] Invoking start command. (STDOUT, APP/PROC/WEB)#
#2026 07 30 02:50:24.310#Z#DEBUG#3ed74488-8bc1-11f1-85f0-eeee0a91cfe7.myfranchise-srv#flowable-async-job-executor-thread-62850#
[PollStageAppStatusExecution] f3901205-c849-4715-a90c-c13290448bb6 [2026-07-30T02:38:06.129150] > myfranchise@1.0.0 start (STDOUT, APP/PROC/WEB)#
#2026 07 30 02:50:24.310#Z#DEBUG#3ed74488-8bc1-11f1-85f0-eeee0a91cfe7.myfranchise-srv#flowable-async-job-executor-thread-62850#
[PollStageAppStatusExecution] f3901205-c849-4715-a90c-c13290448bb6 [2026-07-30T02:38:06.129174] > cds-serve (STDOUT, APP/PROC/WEB)#
#2026 07 30 02:50:24.310#Z#DEBUG#3ed74488-8bc1-11f1-85f0-eeee0a91cfe7.myfranchise-srv#flowable-async-job-executor-thread-62850#
[PollStageAppStatusExecution] f3901205-c849-4715-a90c-c13290448bb6 [2026-07-30T02:38:06.492085] {"level":"info","logger":"cds","timestamp":"2026-07-30T02:38:06.491Z","layer":"cds","component_type":"application","container_id":"10.36.130.13","component_id":"f3901205-c849-4715-a90c-c13290448bb6","component_name":"myfranchise-srv","component_instance":0,"source_instance":0,"organization_name":"sa-build-platform-org","organization_id":"14e98944-6589-4d62-8570-239acf2bf85f","space_name":"DEV","space_id":"87beb70a-51f1-4835-b470-a7ccd9062962","msg":"loaded model from 1 file(s):\n ","type":"log"} (STDOUT, APP/PROC/WEB)#
#2026 07 30 02:50:24.310#Z#DEBUG#3ed74488-8bc1-11f1-85f0-eeee0a91cfe7.myfranchise-srv#flowable-async-job-executor-thread-62850#
[PollStageAppStatusExecution] f3901205-c849-4715-a90c-c13290448bb6 [2026-07-30T02:38:06.492464] srv/csn.json (STDOUT, APP/PROC/WEB)#
#2026 07 30 02:50:24.310#Z#DEBUG#3ed74488-8bc1-11f1-85f0-eeee0a91cfe7.myfranchise-srv#flowable-async-job-executor-thread-62850#
[PollStageAppStatusExecution] f3901205-c849-4715-a90c-c13290448bb6 [2026-07-30T02:38:06.790540] {"level":"info","logger":"cds","timestamp":"2026-07-30T02:38:06.789Z","layer":"cds","component_type":"application","container_id":"10.36.130.13","component_id":"f3901205-c849-4715-a90c-c13290448bb6","component_name":"myfranchise-srv","component_instance":0,"source_instance":0,"organization_name":"sa-build-platform-org","organization_id":"14e98944-6589-4d62-8570-239acf2bf85f","space_name":"DEV","space_id":"87beb70a-51f1-4835-b470-a7ccd9062962","msg":"connect to db > hana {\n  url: 'jdbc:sap://70ddf6e8-ee91-4a59-aa45-f2009a7e6ff9.hna1.prod-us10.hanacloud.ondemand.com:443?encrypt=true&validateCertificate=true&currentschema=2177F43B75D34848AE3EA84FAB461E66',\n  database_id: '70ddf6e8-ee91-4a59-aa45-f2009a7e6ff9',\n  host: '70ddf6e8-ee91-4a59-aa45-f2009a7e6ff9.hna1.prod-us10.hanacloud.ondemand.com',\n  port: '443',\n  driver: 'com.sap.db.jdbc.Driver',\n  schema: '2177F43B75D34848AE3EA84FAB461E66',\n  certificate: '...',\n  hdi_user: '2177F43B75D34848AE3EA84FAB461E66_69KR5XWBL7FPU3Y9DLP4VIT7D_DT',\n  hdi_password: '...',\n  user: '2177F43B75D34848AE3EA84FAB461E66_69KR5XWBL7FPU3Y9DLP4VIT7D_RT',\n  password: '...'\n}","type":"log"} (STDOUT, APP/PROC/WEB)#
#2026 07 30 02:50:24.310#Z#DEBUG#3ed74488-8bc1-11f1-85f0-eeee0a91cfe7.myfranchise-srv#flowable-async-job-executor-thread-62850#
[PollStageAppStatusExecution] f3901205-c849-4715-a90c-c13290448bb6 [2026-07-30T02:38:06.854347] {"level":"info","logger":"cds","timestamp":"2026-07-30T02:38:06.853Z","layer":"cds","component_type":"application","container_id":"10.36.130.13","component_id":"f3901205-c849-4715-a90c-c13290448bb6","component_name":"myfranchise-srv","component_instance":0,"source_instance":0,"organization_name":"sa-build-platform-org","organization_id":"14e98944-6589-4d62-8570-239acf2bf85f","space_name":"DEV","space_id":"87beb70a-51f1-4835-b470-a7ccd9062962","msg":"serving FranqueadoraService {\n  at: [ '/franqueadora' ],\n  decl: 'srv/csn.json:4163',\n  impl: 'srv/service.js'\n}","type":"log"} (STDOUT, APP/PROC/WEB)#
#2026 07 30 02:50:24.310#Z#DEBUG#3ed74488-8bc1-11f1-85f0-eeee0a91cfe7.myfranchise-srv#flowable-async-job-executor-thread-62850#
[PollStageAppStatusExecution] f3901205-c849-4715-a90c-c13290448bb6 [2026-07-30T02:38:06.854669] {"level":"info","logger":"cds","timestamp":"2026-07-30T02:38:06.854Z","layer":"cds","component_type":"application","container_id":"10.36.130.13","component_id":"f3901205-c849-4715-a90c-c13290448bb6","component_name":"myfranchise-srv","component_instance":0,"source_instance":0,"organization_name":"sa-build-platform-org","organization_id":"14e98944-6589-4d62-8570-239acf2bf85f","space_name":"DEV","space_id":"87beb70a-51f1-4835-b470-a7ccd9062962","msg":"serving FranqueadoService {\n  at: [ '/franqueado' ],\n  decl: 'srv/csn.json:9003',\n  impl: 'srv/service.js'\n}","type":"log"} (STDOUT, APP/PROC/WEB)#
#2026 07 30 02:50:24.310#Z#DEBUG#3ed74488-8bc1-11f1-85f0-eeee0a91cfe7.myfranchise-srv#flowable-async-job-executor-thread-62850#
[PollStageAppStatusExecution] f3901205-c849-4715-a90c-c13290448bb6 [2026-07-30T02:38:06.858899] {"level":"info","logger":"cds","timestamp":"2026-07-30T02:38:06.858Z","layer":"cds","component_type":"application","container_id":"10.36.130.13","component_id":"f3901205-c849-4715-a90c-c13290448bb6","component_name":"myfranchise-srv","component_instance":0,"source_instance":0,"organization_name":"sa-build-platform-org","organization_id":"14e98944-6589-4d62-8570-239acf2bf85f","space_name":"DEV","space_id":"87beb70a-51f1-4835-b470-a7ccd9062962","msg":"server listening on { url: 'http://localhost:8080' }","type":"log"} (STDOUT, APP/PROC/WEB)#
#2026 07 30 02:50:24.310#Z#DEBUG#3ed74488-8bc1-11f1-85f0-eeee0a91cfe7.myfranchise-srv#flowable-async-job-executor-thread-62850#
[PollStageAppStatusExecution] f3901205-c849-4715-a90c-c13290448bb6 [2026-07-30T02:38:06.859890] {"level":"info","logger":"cds","timestamp":"2026-07-30T02:38:06.859Z","layer":"cds","component_type":"application","container_id":"10.36.130.13","component_id":"f3901205-c849-4715-a90c-c13290448bb6","component_name":"myfranchise-srv","component_instance":0,"source_instance":0,"organization_name":"sa-build-platform-org","organization_id":"14e98944-6589-4d62-8570-239acf2bf85f","space_name":"DEV","space_id":"87beb70a-51f1-4835-b470-a7ccd9062962","msg":"server v10.0.5 launched in 721 ms","type":"log"} (STDOUT, APP/PROC/WEB)#
#2026 07 30 02:50:24.310#Z#DEBUG#3ed74488-8bc1-11f1-85f0-eeee0a91cfe7.myfranchise-srv#flowable-async-job-executor-thread-62850#
[PollStageAppStatusExecution] f3901205-c849-4715-a90c-c13290448bb6 [2026-07-30T02:38:08.407571] Container became healthy (STDOUT, CELL)#
#2026 07 30 02:50:24.310#Z#DEBUG#3ed74488-8bc1-11f1-85f0-eeee0a91cfe7.myfranchise-srv#flowable-async-job-executor-thread-62850#
[PollStageAppStatusExecution] f3901205-c849-4715-a90c-c13290448bb6 [2026-07-30T02:38:08.434230] Process became ready with guid f3901205-c849-4715-a90c-c13290448bb6 payload: {"instance"=>"6fde9ecf-0f2f-441b-6fb1-c923", "index"=>0, "cell_id"=>"4b0b29fd-71b2-49b3-831b-b7de0147ad46", "ready"=>true, "version"=>"f33fbe72-250b-4f8f-ab3a-2a67dad70cbf"} (STDOUT, API)#
#2026 07 30 02:50:24.310#Z#DEBUG#3ed74488-8bc1-11f1-85f0-eeee0a91cfe7.myfranchise-srv#flowable-async-job-executor-thread-62850#
[PollStageAppStatusExecution] f3901205-c849-4715-a90c-c13290448bb6 [2026-07-30T02:39:05.562029] Cell 75f4201f-64c7-4864-888f-65c5484df6a5 destroying container for instance 8f971ea7-5992-4171-7e9c-baeb (STDOUT, CELL)#
#2026 07 30 02:50:24.310#Z#DEBUG#3ed74488-8bc1-11f1-85f0-eeee0a91cfe7.myfranchise-srv#flowable-async-job-executor-thread-62850#
[PollStageAppStatusExecution] f3901205-c849-4715-a90c-c13290448bb6 [2026-07-30T02:39:05.737925] Exit status 137 (STDOUT, PROXY)#
#2026 07 30 02:50:24.310#Z#DEBUG#3ed74488-8bc1-11f1-85f0-eeee0a91cfe7.myfranchise-srv#flowable-async-job-executor-thread-62850#
[PollStageAppStatusExecution] f3901205-c849-4715-a90c-c13290448bb6 [2026-07-30T02:39:07.321746] Cell 75f4201f-64c7-4864-888f-65c5484df6a5 successfully destroyed container for instance 8f971ea7-5992-4171-7e9c-baeb (STDOUT, CELL)#
#2026 07 30 02:50:24.310#Z#DEBUG#3ed74488-8bc1-11f1-85f0-eeee0a91cfe7.myfranchise-srv#flowable-async-job-executor-thread-62850#
[PollStageAppStatusExecution] f3901205-c849-4715-a90c-c13290448bb6 [2026-07-30T02:49:26.563777] Updated app with guid f3901205-c849-4715-a90c-c13290448bb6 ({"lifecycle"=>{"data"=>{"buildpacks"=>["nodejs_buildpack"]}, "type"=>"buildpack"}}) (STDOUT, API)#
#2026 07 30 02:50:24.310#Z#DEBUG#3ed74488-8bc1-11f1-85f0-eeee0a91cfe7.myfranchise-srv#flowable-async-job-executor-thread-62850#
[PollStageAppStatusExecution] f3901205-c849-4715-a90c-c13290448bb6 [2026-07-30T02:49:26.737574] Updating process: "web" (STDOUT, API)#
#2026 07 30 02:50:24.310#Z#DEBUG#3ed74488-8bc1-11f1-85f0-eeee0a91cfe7.myfranchise-srv#flowable-async-job-executor-thread-62850#
[PollStageAppStatusExecution] f3901205-c849-4715-a90c-c13290448bb6 [2026-07-30T02:50:04.525326] Uploading app package for app with guid f3901205-c849-4715-a90c-c13290448bb6 (STDOUT, API)#
#2026 07 30 02:50:24.310#Z#DEBUG#3ed74488-8bc1-11f1-85f0-eeee0a91cfe7.myfranchise-srv#flowable-async-job-executor-thread-62850#
[PollStageAppStatusExecution] f3901205-c849-4715-a90c-c13290448bb6 [2026-07-30T02:50:04.754290] Updated app with guid f3901205-c849-4715-a90c-c13290448bb6 ({"environment_variables"=>"[PRIVATE DATA HIDDEN]"}) (STDOUT, API)#
#2026 07 30 02:50:24.310#Z#DEBUG#3ed74488-8bc1-11f1-85f0-eeee0a91cfe7.myfranchise-srv#flowable-async-job-executor-thread-62850#
[PollStageAppStatusExecution] f3901205-c849-4715-a90c-c13290448bb6 [2026-07-30T02:50:14.528266] Stopping app with guid f3901205-c849-4715-a90c-c13290448bb6 (STDOUT, API)#
#2026 07 30 02:50:24.310#Z#DEBUG#3ed74488-8bc1-11f1-85f0-eeee0a91cfe7.myfranchise-srv#flowable-async-job-executor-thread-62850#
[PollStageAppStatusExecution] f3901205-c849-4715-a90c-c13290448bb6 [2026-07-30T02:50:14.582067] Cell 4b0b29fd-71b2-49b3-831b-b7de0147ad46 stopping instance 6fde9ecf-0f2f-441b-6fb1-c923 (STDOUT, CELL)#
#2026 07 30 02:50:24.310#Z#DEBUG#3ed74488-8bc1-11f1-85f0-eeee0a91cfe7.myfranchise-srv#flowable-async-job-executor-thread-62850#
[PollStageAppStatusExecution] f3901205-c849-4715-a90c-c13290448bb6 [2026-07-30T02:50:14.781573] Creating build for app with guid f3901205-c849-4715-a90c-c13290448bb6 (STDOUT, API)#
#2026 07 30 02:50:24.310#Z#DEBUG#3ed74488-8bc1-11f1-85f0-eeee0a91cfe7.myfranchise-srv#flowable-async-job-executor-thread-62850#
[PollStageAppStatusExecution] f3901205-c849-4715-a90c-c13290448bb6 [2026-07-30T02:50:15.159760] Downloading nodejs_buildpack... (STDOUT, STG)#
#2026 07 30 02:50:24.310#Z#DEBUG#3ed74488-8bc1-11f1-85f0-eeee0a91cfe7.myfranchise-srv#flowable-async-job-executor-thread-62850#
[PollStageAppStatusExecution] f3901205-c849-4715-a90c-c13290448bb6 [2026-07-30T02:50:15.205480] Downloaded nodejs_buildpack (STDOUT, STG)#
#2026 07 30 02:50:24.310#Z#DEBUG#3ed74488-8bc1-11f1-85f0-eeee0a91cfe7.myfranchise-srv#flowable-async-job-executor-thread-62850#
[PollStageAppStatusExecution] f3901205-c849-4715-a90c-c13290448bb6 [2026-07-30T02:50:15.205550] Cell 4b0b29fd-71b2-49b3-831b-b7de0147ad46 creating container for instance dd417963-2b66-4427-a09e-4e390bda68fe (STDOUT, STG)#
#2026 07 30 02:50:24.310#Z#DEBUG#3ed74488-8bc1-11f1-85f0-eeee0a91cfe7.myfranchise-srv#flowable-async-job-executor-thread-62850#
[PollStageAppStatusExecution] f3901205-c849-4715-a90c-c13290448bb6 [2026-07-30T02:50:15.689661] Security group rules were updated (STDOUT, STG)#
#2026 07 30 02:50:24.310#Z#DEBUG#3ed74488-8bc1-11f1-85f0-eeee0a91cfe7.myfranchise-srv#flowable-async-job-executor-thread-62850#
[PollStageAppStatusExecution] f3901205-c849-4715-a90c-c13290448bb6 [2026-07-30T02:50:15.758605] Cell 4b0b29fd-71b2-49b3-831b-b7de0147ad46 successfully created container for instance dd417963-2b66-4427-a09e-4e390bda68fe (STDOUT, STG)#
#2026 07 30 02:50:24.310#Z#DEBUG#3ed74488-8bc1-11f1-85f0-eeee0a91cfe7.myfranchise-srv#flowable-async-job-executor-thread-62850#
[PollStageAppStatusExecution] f3901205-c849-4715-a90c-c13290448bb6 [2026-07-30T02:50:15.939516] Downloading app package... (STDOUT, STG)#
#2026 07 30 02:50:24.310#Z#DEBUG#3ed74488-8bc1-11f1-85f0-eeee0a91cfe7.myfranchise-srv#flowable-async-job-executor-thread-62850#
[PollStageAppStatusExecution] f3901205-c849-4715-a90c-c13290448bb6 [2026-07-30T02:50:15.939532] Downloading build artifacts cache... (STDOUT, STG)#
#2026 07 30 02:50:24.310#Z#DEBUG#3ed74488-8bc1-11f1-85f0-eeee0a91cfe7.myfranchise-srv#flowable-async-job-executor-thread-62850#
[PollStageAppStatusExecution] f3901205-c849-4715-a90c-c13290448bb6 [2026-07-30T02:50:16.072662] Downloaded build artifacts cache (214B) (STDOUT, STG)#
#2026 07 30 02:50:24.310#Z#DEBUG#3ed74488-8bc1-11f1-85f0-eeee0a91cfe7.myfranchise-srv#flowable-async-job-executor-thread-62850#
[PollStageAppStatusExecution] f3901205-c849-4715-a90c-c13290448bb6 [2026-07-30T02:50:17.029565] Downloaded app package (10.1M) (STDOUT, STG)#
#2026 07 30 02:50:24.310#Z#DEBUG#3ed74488-8bc1-11f1-85f0-eeee0a91cfe7.myfranchise-srv#flowable-async-job-executor-thread-62850#
[PollStageAppStatusExecution] f3901205-c849-4715-a90c-c13290448bb6 [2026-07-30T02:50:17.104735] -----> Nodejs Buildpack version 1.9.2 (STDOUT, STG)#
#2026 07 30 02:50:24.310#Z#DEBUG#3ed74488-8bc1-11f1-85f0-eeee0a91cfe7.myfranchise-srv#flowable-async-job-executor-thread-62850#
[PollStageAppStatusExecution] f3901205-c849-4715-a90c-c13290448bb6 [2026-07-30T02:50:17.511162] -----> Bootstrapping python (STDOUT, STG)#
#2026 07 30 02:50:24.310#Z#DEBUG#3ed74488-8bc1-11f1-85f0-eeee0a91cfe7.myfranchise-srv#flowable-async-job-executor-thread-62850#
[PollStageAppStatusExecution] f3901205-c849-4715-a90c-c13290448bb6 [2026-07-30T02:50:17.511219] -----> Installing python 3.13.13 (STDOUT, STG)#
#2026 07 30 02:50:24.310#Z#DEBUG#3ed74488-8bc1-11f1-85f0-eeee0a91cfe7.myfranchise-srv#flowable-async-job-executor-thread-62850#
[PollStageAppStatusExecution] f3901205-c849-4715-a90c-c13290448bb6 [2026-07-30T02:50:17.511242] Copy [/tmp/buildpacks/718562a61f132ed7/dependencies/268a5e3743d51a14b86ea9da64439307/python_3.13.13_linux_x64_cflinuxfs4_8311abbf.tgz] (STDOUT, STG)#
#2026 07 30 02:50:24.310#Z#DEBUG#3ed74488-8bc1-11f1-85f0-eeee0a91cfe7.myfranchise-srv#flowable-async-job-executor-thread-62850#
[PollStageAppStatusExecution] f3901205-c849-4715-a90c-c13290448bb6 [2026-07-30T02:50:20.619527] -----> Installing binaries (STDOUT, STG)#
#2026 07 30 02:50:24.310#Z#DEBUG#3ed74488-8bc1-11f1-85f0-eeee0a91cfe7.myfranchise-srv#flowable-async-job-executor-thread-62850#
[PollStageAppStatusExecution] f3901205-c849-4715-a90c-c13290448bb6 [2026-07-30T02:50:20.619552] engines.node (package.json): >=20 (STDOUT, STG)#
#2026 07 30 02:50:24.310#Z#DEBUG#3ed74488-8bc1-11f1-85f0-eeee0a91cfe7.myfranchise-srv#flowable-async-job-executor-thread-62850#
[PollStageAppStatusExecution] f3901205-c849-4715-a90c-c13290448bb6 [2026-07-30T02:50:20.619557] engines.npm (package.json): unspecified (use default) (STDOUT, STG)#
#2026 07 30 02:50:24.310#Z#DEBUG#3ed74488-8bc1-11f1-85f0-eeee0a91cfe7.myfranchise-srv#flowable-async-job-executor-thread-62850#
[PollStageAppStatusExecution] f3901205-c849-4715-a90c-c13290448bb6 [2026-07-30T02:50:20.619641] [31;1m**WARNING**[0m Dangerous semver range (>) in engines.node. See: http://docs.cloudfoundry.org/buildpacks/node/node-tips.html (STDOUT, STG)#
#2026 07 30 02:50:24.310#Z#DEBUG#3ed74488-8bc1-11f1-85f0-eeee0a91cfe7.myfranchise-srv#flowable-async-job-executor-thread-62850#
[PollStageAppStatusExecution] f3901205-c849-4715-a90c-c13290448bb6 [2026-07-30T02:50:20.619665] -----> Installing node 24.15.0 (STDOUT, STG)#
#2026 07 30 02:50:24.310#Z#DEBUG#3ed74488-8bc1-11f1-85f0-eeee0a91cfe7.myfranchise-srv#flowable-async-job-executor-thread-62850#
[PollStageAppStatusExecution] f3901205-c849-4715-a90c-c13290448bb6 [2026-07-30T02:50:20.619764] Copy [/tmp/buildpacks/718562a61f132ed7/dependencies/6441e97e6386f47ec4c16cfdf8db0a17/node_24.15.0_linux_x64_cflinuxfs4_1a62d98b.tgz] (STDOUT, STG)#
#2026 07 30 02:50:24.310#Z#DEBUG#3ed74488-8bc1-11f1-85f0-eeee0a91cfe7.myfranchise-srv#flowable-async-job-executor-thread-62850#
[PollStageAppStatusExecution] f3901205-c849-4715-a90c-c13290448bb6 [2026-07-30T02:50:22.465378] Using default npm version: 11.12.1 (STDOUT, STG)#
#2026 07 30 02:50:24.310#Z#DEBUG#3ed74488-8bc1-11f1-85f0-eeee0a91cfe7.myfranchise-srv#flowable-async-job-executor-thread-62850#
[PollStageAppStatusExecution] f3901205-c849-4715-a90c-c13290448bb6 [2026-07-30T02:50:22.465399] -----> Installing yarn 1.22.22 (STDOUT, STG)#
#2026 07 30 02:50:24.310#Z#DEBUG#3ed74488-8bc1-11f1-85f0-eeee0a91cfe7.myfranchise-srv#flowable-async-job-executor-thread-62850#
[PollStageAppStatusExecution] f3901205-c849-4715-a90c-c13290448bb6 [2026-07-30T02:50:22.465421] Copy [/tmp/buildpacks/718562a61f132ed7/dependencies/e4fe26756e9984a665478d350474fa2e/yarn_1.22.22_linux_noarch_any-stack_b6132b86.tgz] (STDOUT, STG)#
#2026 07 30 02:50:24.310#Z#DEBUG#3ed74488-8bc1-11f1-85f0-eeee0a91cfe7.myfranchise-srv#flowable-async-job-executor-thread-62850#
[PollStageAppStatusExecution] f3901205-c849-4715-a90c-c13290448bb6 [2026-07-30T02:50:22.734586] Installed yarn 1.22.22 (STDOUT, STG)#
#2026 07 30 02:50:24.310#Z#DEBUG#3ed74488-8bc1-11f1-85f0-eeee0a91cfe7.myfranchise-srv#flowable-async-job-executor-thread-62850#
[PollStageAppStatusExecution] f3901205-c849-4715-a90c-c13290448bb6 [2026-07-30T02:50:22.734607] -----> Creating runtime environment (STDOUT, STG)#
#2026 07 30 02:50:24.310#Z#DEBUG#3ed74488-8bc1-11f1-85f0-eeee0a91cfe7.myfranchise-srv#flowable-async-job-executor-thread-62850#
[PollStageAppStatusExecution] f3901205-c849-4715-a90c-c13290448bb6 [2026-07-30T02:50:22.736349] NODE_ENV=production (STDOUT, STG)#
#2026 07 30 02:50:24.310#Z#DEBUG#3ed74488-8bc1-11f1-85f0-eeee0a91cfe7.myfranchise-srv#flowable-async-job-executor-thread-62850#
[PollStageAppStatusExecution] f3901205-c849-4715-a90c-c13290448bb6 [2026-07-30T02:50:22.736370] NODE_HOME=/tmp/contents191899029/deps/0/node (STDOUT, STG)#
#2026 07 30 02:50:24.310#Z#DEBUG#3ed74488-8bc1-11f1-85f0-eeee0a91cfe7.myfranchise-srv#flowable-async-job-executor-thread-62850#
[PollStageAppStatusExecution] f3901205-c849-4715-a90c-c13290448bb6 [2026-07-30T02:50:22.736373] NODE_MODULES_CACHE=true (STDOUT, STG)#
#2026 07 30 02:50:24.310#Z#DEBUG#3ed74488-8bc1-11f1-85f0-eeee0a91cfe7.myfranchise-srv#flowable-async-job-executor-thread-62850#
[PollStageAppStatusExecution] f3901205-c849-4715-a90c-c13290448bb6 [2026-07-30T02:50:22.736380] NODE_VERBOSE=false (STDOUT, STG)#
#2026 07 30 02:50:24.310#Z#DEBUG#3ed74488-8bc1-11f1-85f0-eeee0a91cfe7.myfranchise-srv#flowable-async-job-executor-thread-62850#
[PollStageAppStatusExecution] f3901205-c849-4715-a90c-c13290448bb6 [2026-07-30T02:50:22.736382] NPM_CONFIG_LOGLEVEL=error (STDOUT, STG)#
#2026 07 30 02:50:24.310#Z#DEBUG#3ed74488-8bc1-11f1-85f0-eeee0a91cfe7.myfranchise-srv#flowable-async-job-executor-thread-62850#
[PollStageAppStatusExecution] f3901205-c849-4715-a90c-c13290448bb6 [2026-07-30T02:50:22.736386] NPM_CONFIG_PRODUCTION=true (STDOUT, STG)#
#2026 07 30 02:50:24.310#Z#DEBUG#3ed74488-8bc1-11f1-85f0-eeee0a91cfe7.myfranchise-srv#flowable-async-job-executor-thread-62850#
[PollStageAppStatusExecution] f3901205-c849-4715-a90c-c13290448bb6 [2026-07-30T02:50:22.736402] -----> Building dependencies (STDOUT, STG)#
#2026 07 30 02:50:24.310#Z#DEBUG#3ed74488-8bc1-11f1-85f0-eeee0a91cfe7.myfranchise-srv#flowable-async-job-executor-thread-62850#
[PollStageAppStatusExecution] f3901205-c849-4715-a90c-c13290448bb6 [2026-07-30T02:50:22.736406] Prebuild detected (node_modules already exists) (STDOUT, STG)#
#2026 07 30 02:50:24.310#Z#DEBUG#3ed74488-8bc1-11f1-85f0-eeee0a91cfe7.myfranchise-srv#flowable-async-job-executor-thread-62850#
[PollStageAppStatusExecution] f3901205-c849-4715-a90c-c13290448bb6 [2026-07-30T02:50:22.736411] Rebuilding any native modules (STDOUT, STG)#
#2026 07 30 02:50:24.310#Z#DEBUG#3ed74488-8bc1-11f1-85f0-eeee0a91cfe7.myfranchise-srv#flowable-async-job-executor-thread-62850#
[PollStageAppStatusExecution] f3901205-c849-4715-a90c-c13290448bb6 [2026-07-30T02:50:23.327713] rebuilt dependencies successfully (STDOUT, STG)#
#2026 07 30 02:50:24.310#Z#DEBUG#3ed74488-8bc1-11f1-85f0-eeee0a91cfe7.myfranchise-srv#flowable-async-job-executor-thread-62850#
[PollStageAppStatusExecution] f3901205-c849-4715-a90c-c13290448bb6 [2026-07-30T02:50:23.329311] npm notice (STDOUT, STG)#
#2026 07 30 02:50:24.310#Z#DEBUG#3ed74488-8bc1-11f1-85f0-eeee0a91cfe7.myfranchise-srv#flowable-async-job-executor-thread-62850#
[PollStageAppStatusExecution] f3901205-c849-4715-a90c-c13290448bb6 [2026-07-30T02:50:23.329338] npm notice New major version of npm available! 11.12.1 -> 12.0.2 (STDOUT, STG)#
#2026 07 30 02:50:24.310#Z#DEBUG#3ed74488-8bc1-11f1-85f0-eeee0a91cfe7.myfranchise-srv#flowable-async-job-executor-thread-62850#
[PollStageAppStatusExecution] f3901205-c849-4715-a90c-c13290448bb6 [2026-07-30T02:50:23.329344] npm notice Changelog: https://github.com/npm/cli/releases/tag/v12.0.2 (STDOUT, STG)#
#2026 07 30 02:50:24.310#Z#DEBUG#3ed74488-8bc1-11f1-85f0-eeee0a91cfe7.myfranchise-srv#flowable-async-job-executor-thread-62850#
[PollStageAppStatusExecution] f3901205-c849-4715-a90c-c13290448bb6 [2026-07-30T02:50:23.329346] npm notice To update run: npm install -g npm@12.0.2 (STDOUT, STG)#
#2026 07 30 02:50:24.310#Z#DEBUG#3ed74488-8bc1-11f1-85f0-eeee0a91cfe7.myfranchise-srv#flowable-async-job-executor-thread-62850#
[PollStageAppStatusExecution] f3901205-c849-4715-a90c-c13290448bb6 [2026-07-30T02:50:23.329348] npm notice (STDOUT, STG)#
#2026 07 30 02:50:24.310#Z#DEBUG#3ed74488-8bc1-11f1-85f0-eeee0a91cfe7.myfranchise-srv#flowable-async-job-executor-thread-62850#
[PollStageAppStatusExecution] f3901205-c849-4715-a90c-c13290448bb6 [2026-07-30T02:50:23.382550] Installing any new modules (package.json + package-lock.json) (STDOUT, STG)#
#2026 07 30 02:50:34.273#Z#DEBUG#3ed74488-8bc1-11f1-85f0-eeee0a91cfe7.myfranchise-srv#flowable-async-job-executor-thread-27498#
[PollStageAppStatusExecution] f3901205-c849-4715-a90c-c13290448bb6 [2026-07-30T02:50:23.963948] up to date in 521ms (STDOUT, STG)#
#2026 07 30 02:50:34.273#Z#DEBUG#3ed74488-8bc1-11f1-85f0-eeee0a91cfe7.myfranchise-srv#flowable-async-job-executor-thread-27498#
[PollStageAppStatusExecution] f3901205-c849-4715-a90c-c13290448bb6 [2026-07-30T02:50:23.964259] 25 packages are looking for funding (STDOUT, STG)#
#2026 07 30 02:50:34.273#Z#DEBUG#3ed74488-8bc1-11f1-85f0-eeee0a91cfe7.myfranchise-srv#flowable-async-job-executor-thread-27498#
[PollStageAppStatusExecution] f3901205-c849-4715-a90c-c13290448bb6 [2026-07-30T02:50:23.964293] run `npm fund` for details (STDOUT, STG)#
#2026 07 30 02:50:34.273#Z#DEBUG#3ed74488-8bc1-11f1-85f0-eeee0a91cfe7.myfranchise-srv#flowable-async-job-executor-thread-27498#
[PollStageAppStatusExecution] f3901205-c849-4715-a90c-c13290448bb6 [2026-07-30T02:50:24.827818] Contrast Security no credentials found. Will not write environment files. (STDOUT, STG)#
#2026 07 30 02:50:44.262#Z#DEBUG#3ed74488-8bc1-11f1-85f0-eeee0a91cfe7.myfranchise-srv#flowable-async-job-executor-thread-31563#
[PollStageAppStatusExecution] f3901205-c849-4715-a90c-c13290448bb6 [2026-07-30T02:50:34.451934] Exit status 0 (STDOUT, STG)#
#2026 07 30 02:50:44.262#Z#DEBUG#3ed74488-8bc1-11f1-85f0-eeee0a91cfe7.myfranchise-srv#flowable-async-job-executor-thread-31563#
[PollStageAppStatusExecution] f3901205-c849-4715-a90c-c13290448bb6 [2026-07-30T02:50:34.451977] Uploading droplet, build artifacts cache... (STDOUT, STG)#
#2026 07 30 02:50:44.262#Z#DEBUG#3ed74488-8bc1-11f1-85f0-eeee0a91cfe7.myfranchise-srv#flowable-async-job-executor-thread-31563#
[PollStageAppStatusExecution] f3901205-c849-4715-a90c-c13290448bb6 [2026-07-30T02:50:34.452008] Uploading droplet... (STDOUT, STG)#
#2026 07 30 02:50:44.263#Z#DEBUG#3ed74488-8bc1-11f1-85f0-eeee0a91cfe7.myfranchise-srv#flowable-async-job-executor-thread-31563#
[PollStageAppStatusExecution] f3901205-c849-4715-a90c-c13290448bb6 [2026-07-30T02:50:34.452076] Uploading build artifacts cache... (STDOUT, STG)#
#2026 07 30 02:50:44.263#Z#DEBUG#3ed74488-8bc1-11f1-85f0-eeee0a91cfe7.myfranchise-srv#flowable-async-job-executor-thread-31563#
[PollStageAppStatusExecution] f3901205-c849-4715-a90c-c13290448bb6 [2026-07-30T02:50:34.482412] Uploaded build artifacts cache (222B) (STDOUT, STG)#
#2026 07 30 02:50:44.263#Z#DEBUG#3ed74488-8bc1-11f1-85f0-eeee0a91cfe7.myfranchise-srv#flowable-async-job-executor-thread-31563#
[PollStageAppStatusExecution] f3901205-c849-4715-a90c-c13290448bb6 [2026-07-30T02:50:35.334332] Creating droplet for app with guid f3901205-c849-4715-a90c-c13290448bb6 (STDOUT, API)#
#2026 07 30 02:50:44.263#Z#DEBUG#3ed74488-8bc1-11f1-85f0-eeee0a91cfe7.myfranchise-srv#flowable-async-job-executor-thread-31563#
[PollStageAppStatusExecution] f3901205-c849-4715-a90c-c13290448bb6 [2026-07-30T02:50:38.411992] Uploaded droplet (63.8M) (STDOUT, STG)#
#2026 07 30 02:50:44.263#Z#DEBUG#3ed74488-8bc1-11f1-85f0-eeee0a91cfe7.myfranchise-srv#flowable-async-job-executor-thread-31563#
[PollStageAppStatusExecution] f3901205-c849-4715-a90c-c13290448bb6 [2026-07-30T02:50:38.428740] Uploading complete (STDOUT, STG)#
#2026 07 30 02:50:44.263#Z#DEBUG#3ed74488-8bc1-11f1-85f0-eeee0a91cfe7.myfranchise-srv#flowable-async-job-executor-thread-31563#
[PollStageAppStatusExecution] f3901205-c849-4715-a90c-c13290448bb6 [2026-07-30T02:50:38.593298] Cell 4b0b29fd-71b2-49b3-831b-b7de0147ad46 stopping instance dd417963-2b66-4427-a09e-4e390bda68fe (STDOUT, STG)#
#2026 07 30 02:50:44.263#Z#DEBUG#3ed74488-8bc1-11f1-85f0-eeee0a91cfe7.myfranchise-srv#flowable-async-job-executor-thread-31563#
[PollStageAppStatusExecution] f3901205-c849-4715-a90c-c13290448bb6 [2026-07-30T02:50:38.593335] Cell 4b0b29fd-71b2-49b3-831b-b7de0147ad46 destroying container for instance dd417963-2b66-4427-a09e-4e390bda68fe (STDOUT, STG)#
#2026 07 30 02:50:44.263#Z#DEBUG#3ed74488-8bc1-11f1-85f0-eeee0a91cfe7.myfranchise-srv#flowable-async-job-executor-thread-31563#
[PollStageAppStatusExecution] f3901205-c849-4715-a90c-c13290448bb6 [2026-07-30T02:50:38.645115] Staging complete for build dd417963-2b66-4427-a09e-4e390bda68fe (STDOUT, API)#
#2026 07 30 02:50:44.263#Z#DEBUG#3ed74488-8bc1-11f1-85f0-eeee0a91cfe7.myfranchise-srv#flowable-async-job-executor-thread-31563#
[PollStageAppStatusExecution] f3901205-c849-4715-a90c-c13290448bb6 [2026-07-30T02:50:40.677104] Cell 4b0b29fd-71b2-49b3-831b-b7de0147ad46 successfully destroyed container for instance dd417963-2b66-4427-a09e-4e390bda68fe (STDOUT, STG)#
#2026 07 30 02:50:54.299#Z#DEBUG#3ed74488-8bc1-11f1-85f0-eeee0a91cfe7.myfranchise-srv#flowable-async-job-executor-thread-31566#
[PollStartAppStatusExecution] f3901205-c849-4715-a90c-c13290448bb6 [2026-07-30T02:50:44.343482] Updated app with guid f3901205-c849-4715-a90c-c13290448bb6 ({:droplet_guid=>"fb1b8a35-4e5e-4d07-ab75-d032bb092e47"}) (STDOUT, API)#
#2026 07 30 02:50:54.299#Z#DEBUG#3ed74488-8bc1-11f1-85f0-eeee0a91cfe7.myfranchise-srv#flowable-async-job-executor-thread-31566#
[PollStartAppStatusExecution] f3901205-c849-4715-a90c-c13290448bb6 [2026-07-30T02:50:44.565180] Creating revision for app with guid f3901205-c849-4715-a90c-c13290448bb6 (STDOUT, API)#
#2026 07 30 02:50:54.299#Z#DEBUG#3ed74488-8bc1-11f1-85f0-eeee0a91cfe7.myfranchise-srv#flowable-async-job-executor-thread-31566#
[PollStartAppStatusExecution] f3901205-c849-4715-a90c-c13290448bb6 [2026-07-30T02:50:44.625099] Starting app with guid f3901205-c849-4715-a90c-c13290448bb6 (STDOUT, API)#
#2026 07 30 02:50:54.299#Z#DEBUG#3ed74488-8bc1-11f1-85f0-eeee0a91cfe7.myfranchise-srv#flowable-async-job-executor-thread-31566#
[PollStartAppStatusExecution] f3901205-c849-4715-a90c-c13290448bb6 [2026-07-30T02:50:44.862532] Cell e362a060-c2b9-465f-b829-c7cafa414329 creating container for instance e4b57ec1-243a-4b31-59cb-d3f5 (STDOUT, CELL)#
#2026 07 30 02:50:54.299#Z#DEBUG#3ed74488-8bc1-11f1-85f0-eeee0a91cfe7.myfranchise-srv#flowable-async-job-executor-thread-31566#
[PollStartAppStatusExecution] f3901205-c849-4715-a90c-c13290448bb6 [2026-07-30T02:50:45.407244] Security group rules were updated (STDOUT, CELL)#
#2026 07 30 02:50:54.299#Z#DEBUG#3ed74488-8bc1-11f1-85f0-eeee0a91cfe7.myfranchise-srv#flowable-async-job-executor-thread-31566#
[PollStartAppStatusExecution] f3901205-c849-4715-a90c-c13290448bb6 [2026-07-30T02:50:45.475198] Cell e362a060-c2b9-465f-b829-c7cafa414329 successfully created container for instance e4b57ec1-243a-4b31-59cb-d3f5 (STDOUT, CELL)#
#2026 07 30 02:50:54.299#Z#DEBUG#3ed74488-8bc1-11f1-85f0-eeee0a91cfe7.myfranchise-srv#flowable-async-job-executor-thread-31566#
[PollStartAppStatusExecution] f3901205-c849-4715-a90c-c13290448bb6 [2026-07-30T02:50:45.871291] Downloading droplet... (STDOUT, CELL)#
#2026 07 30 02:50:54.299#Z#DEBUG#3ed74488-8bc1-11f1-85f0-eeee0a91cfe7.myfranchise-srv#flowable-async-job-executor-thread-31566#
[PollStartAppStatusExecution] f3901205-c849-4715-a90c-c13290448bb6 [2026-07-30T02:50:49.739998] Downloaded droplet (63.8M) (STDOUT, CELL)#
#2026 07 30 02:50:54.299#Z#DEBUG#3ed74488-8bc1-11f1-85f0-eeee0a91cfe7.myfranchise-srv#flowable-async-job-executor-thread-31566#
[PollStartAppStatusExecution] f3901205-c849-4715-a90c-c13290448bb6 [2026-07-30T02:50:49.740109] Starting health monitoring of container (STDOUT, CELL)#
#2026 07 30 02:50:54.299#Z#DEBUG#3ed74488-8bc1-11f1-85f0-eeee0a91cfe7.myfranchise-srv#flowable-async-job-executor-thread-31566#
[PollStartAppStatusExecution] f3901205-c849-4715-a90c-c13290448bb6 [2026-07-30T02:50:49.824243] Invoking pre-start scripts. (STDOUT, APP/PROC/WEB)#
#2026 07 30 02:50:54.299#Z#DEBUG#3ed74488-8bc1-11f1-85f0-eeee0a91cfe7.myfranchise-srv#flowable-async-job-executor-thread-31566#
[PollStartAppStatusExecution] f3901205-c849-4715-a90c-c13290448bb6 [2026-07-30T02:50:49.989336] Invoking start command. (STDOUT, APP/PROC/WEB)#
#2026 07 30 02:50:54.299#Z#DEBUG#3ed74488-8bc1-11f1-85f0-eeee0a91cfe7.myfranchise-srv#flowable-async-job-executor-thread-31566#
[PollStartAppStatusExecution] f3901205-c849-4715-a90c-c13290448bb6 [2026-07-30T02:50:50.312491] > myfranchise@1.0.0 start (STDOUT, APP/PROC/WEB)#
#2026 07 30 02:50:54.299#Z#DEBUG#3ed74488-8bc1-11f1-85f0-eeee0a91cfe7.myfranchise-srv#flowable-async-job-executor-thread-31566#
[PollStartAppStatusExecution] f3901205-c849-4715-a90c-c13290448bb6 [2026-07-30T02:50:50.312519] > cds-serve (STDOUT, APP/PROC/WEB)#
#2026 07 30 02:50:54.299#Z#DEBUG#3ed74488-8bc1-11f1-85f0-eeee0a91cfe7.myfranchise-srv#flowable-async-job-executor-thread-31566#
[PollStartAppStatusExecution] f3901205-c849-4715-a90c-c13290448bb6 [2026-07-30T02:50:50.676368] {"level":"info","logger":"cds","timestamp":"2026-07-30T02:50:50.675Z","layer":"cds","component_type":"application","container_id":"10.36.193.13","component_id":"f3901205-c849-4715-a90c-c13290448bb6","component_name":"myfranchise-srv","component_instance":0,"source_instance":0,"organization_name":"sa-build-platform-org","organization_id":"14e98944-6589-4d62-8570-239acf2bf85f","space_name":"DEV","space_id":"87beb70a-51f1-4835-b470-a7ccd9062962","msg":"loaded model from 1 file(s):\n ","type":"log"} (STDOUT, APP/PROC/WEB)#
#2026 07 30 02:50:54.299#Z#DEBUG#3ed74488-8bc1-11f1-85f0-eeee0a91cfe7.myfranchise-srv#flowable-async-job-executor-thread-31566#
[PollStartAppStatusExecution] f3901205-c849-4715-a90c-c13290448bb6 [2026-07-30T02:50:50.676708] srv/csn.json (STDOUT, APP/PROC/WEB)#
#2026 07 30 02:50:54.299#Z#DEBUG#3ed74488-8bc1-11f1-85f0-eeee0a91cfe7.myfranchise-srv#flowable-async-job-executor-thread-31566#
[PollStartAppStatusExecution] f3901205-c849-4715-a90c-c13290448bb6 [2026-07-30T02:50:50.964816] {"level":"info","logger":"cds","timestamp":"2026-07-30T02:50:50.964Z","layer":"cds","component_type":"application","container_id":"10.36.193.13","component_id":"f3901205-c849-4715-a90c-c13290448bb6","component_name":"myfranchise-srv","component_instance":0,"source_instance":0,"organization_name":"sa-build-platform-org","organization_id":"14e98944-6589-4d62-8570-239acf2bf85f","space_name":"DEV","space_id":"87beb70a-51f1-4835-b470-a7ccd9062962","msg":"connect to db > hana {\n  url: 'jdbc:sap://70ddf6e8-ee91-4a59-aa45-f2009a7e6ff9.hna1.prod-us10.hanacloud.ondemand.com:443?encrypt=true&validateCertificate=true&currentschema=2177F43B75D34848AE3EA84FAB461E66',\n  database_id: '70ddf6e8-ee91-4a59-aa45-f2009a7e6ff9',\n  host: '70ddf6e8-ee91-4a59-aa45-f2009a7e6ff9.hna1.prod-us10.hanacloud.ondemand.com',\n  port: '443',\n  driver: 'com.sap.db.jdbc.Driver',\n  schema: '2177F43B75D34848AE3EA84FAB461E66',\n  certificate: '...',\n  hdi_user: '2177F43B75D34848AE3EA84FAB461E66_69KR5XWBL7FPU3Y9DLP4VIT7D_DT',\n  hdi_password: '...',\n  user: '2177F43B75D34848AE3EA84FAB461E66_69KR5XWBL7FPU3Y9DLP4VIT7D_RT',\n  password: '...'\n}","type":"log"} (STDOUT, APP/PROC/WEB)#
#2026 07 30 02:50:54.299#Z#DEBUG#3ed74488-8bc1-11f1-85f0-eeee0a91cfe7.myfranchise-srv#flowable-async-job-executor-thread-31566#
[PollStartAppStatusExecution] f3901205-c849-4715-a90c-c13290448bb6 [2026-07-30T02:50:51.030759] {"level":"info","logger":"cds","timestamp":"2026-07-30T02:50:51.030Z","layer":"cds","component_type":"application","container_id":"10.36.193.13","component_id":"f3901205-c849-4715-a90c-c13290448bb6","component_name":"myfranchise-srv","component_instance":0,"source_instance":0,"organization_name":"sa-build-platform-org","organization_id":"14e98944-6589-4d62-8570-239acf2bf85f","space_name":"DEV","space_id":"87beb70a-51f1-4835-b470-a7ccd9062962","msg":"serving FranqueadoraService {\n  at: [ '/franqueadora' ],\n  decl: 'srv/csn.json:4163',\n  impl: 'srv/service.js'\n}","type":"log"} (STDOUT, APP/PROC/WEB)#
#2026 07 30 02:50:54.299#Z#DEBUG#3ed74488-8bc1-11f1-85f0-eeee0a91cfe7.myfranchise-srv#flowable-async-job-executor-thread-31566#
[PollStartAppStatusExecution] f3901205-c849-4715-a90c-c13290448bb6 [2026-07-30T02:50:51.031147] {"level":"info","logger":"cds","timestamp":"2026-07-30T02:50:51.030Z","layer":"cds","component_type":"application","container_id":"10.36.193.13","component_id":"f3901205-c849-4715-a90c-c13290448bb6","component_name":"myfranchise-srv","component_instance":0,"source_instance":0,"organization_name":"sa-build-platform-org","organization_id":"14e98944-6589-4d62-8570-239acf2bf85f","space_name":"DEV","space_id":"87beb70a-51f1-4835-b470-a7ccd9062962","msg":"serving FranqueadoService {\n  at: [ '/franqueado' ],\n  decl: 'srv/csn.json:9003',\n  impl: 'srv/service.js'\n}","type":"log"} (STDOUT, APP/PROC/WEB)#
#2026 07 30 02:50:54.299#Z#DEBUG#3ed74488-8bc1-11f1-85f0-eeee0a91cfe7.myfranchise-srv#flowable-async-job-executor-thread-31566#
[PollStartAppStatusExecution] f3901205-c849-4715-a90c-c13290448bb6 [2026-07-30T02:50:51.035411] {"level":"info","logger":"cds","timestamp":"2026-07-30T02:50:51.035Z","layer":"cds","component_type":"application","container_id":"10.36.193.13","component_id":"f3901205-c849-4715-a90c-c13290448bb6","component_name":"myfranchise-srv","component_instance":0,"source_instance":0,"organization_name":"sa-build-platform-org","organization_id":"14e98944-6589-4d62-8570-239acf2bf85f","space_name":"DEV","space_id":"87beb70a-51f1-4835-b470-a7ccd9062962","msg":"server listening on { url: 'http://localhost:8080' }","type":"log"} (STDOUT, APP/PROC/WEB)#
#2026 07 30 02:50:54.299#Z#DEBUG#3ed74488-8bc1-11f1-85f0-eeee0a91cfe7.myfranchise-srv#flowable-async-job-executor-thread-31566#
[PollStartAppStatusExecution] f3901205-c849-4715-a90c-c13290448bb6 [2026-07-30T02:50:51.036544] {"level":"info","logger":"cds","timestamp":"2026-07-30T02:50:51.036Z","layer":"cds","component_type":"application","container_id":"10.36.193.13","component_id":"f3901205-c849-4715-a90c-c13290448bb6","component_name":"myfranchise-srv","component_instance":0,"source_instance":0,"organization_name":"sa-build-platform-org","organization_id":"14e98944-6589-4d62-8570-239acf2bf85f","space_name":"DEV","space_id":"87beb70a-51f1-4835-b470-a7ccd9062962","msg":"server v10.0.5 launched in 713 ms","type":"log"} (STDOUT, APP/PROC/WEB)#
#2026 07 30 02:50:54.299#Z#DEBUG#3ed74488-8bc1-11f1-85f0-eeee0a91cfe7.myfranchise-srv#flowable-async-job-executor-thread-31566#
[PollStartAppStatusExecution] f3901205-c849-4715-a90c-c13290448bb6 [2026-07-30T02:50:52.845385] Container became healthy (STDOUT, CELL)#
#2026 07 30 02:50:54.299#Z#DEBUG#3ed74488-8bc1-11f1-85f0-eeee0a91cfe7.myfranchise-srv#flowable-async-job-executor-thread-31566#
[PollStartAppStatusExecution] f3901205-c849-4715-a90c-c13290448bb6 [2026-07-30T02:50:52.870848] Process became ready with guid f3901205-c849-4715-a90c-c13290448bb6 payload: {"instance"=>"e4b57ec1-243a-4b31-59cb-d3f5", "index"=>0, "cell_id"=>"e362a060-c2b9-465f-b829-c7cafa414329", "ready"=>true, "version"=>"2b7d990e-109b-48eb-bf94-e5ce55554311"} (STDOUT, API)#
